-- Logs begin at Fri 2018-08-03 22:04:46 MDT, end at Sat 2018-08-04 12:50:35 MDT. --
Aug 03 22:04:46 localhost systemd-journald[354]: Runtime journal (/run/log/journal/) is 8.0M, max 641.7M, 633.7M free.
Aug 03 22:04:46 localhost kernel: Initializing cgroup subsys cpuset
Aug 03 22:04:46 localhost kernel: Initializing cgroup subsys cpu
Aug 03 22:04:46 localhost kernel: Initializing cgroup subsys cpuacct
Aug 03 22:04:46 localhost kernel: Linux version 4.4.0-116-generic (buildd@lgw01-amd64-021) (gcc version 5.4.0 20160609 (Ubuntu 5.4.0-6ubuntu1~16.04.9) ) #140-Ubuntu SMP Mon Feb 12 21:23:04 UTC 2018 (Ubuntu 4.4.0-116.140-generic 4.4.98)
Aug 03 22:04:46 localhost kernel: Command line: BOOT_IMAGE=/boot/vmlinuz-4.4.0-116-generic root=UUID=ce184cb1-3771-4a20-b6cd-8e9a4649a561 ro console=ttyS0,115200 crashkernel=384M-:128M
Aug 03 22:04:46 localhost kernel: KERNEL supported cpus:
Aug 03 22:04:46 localhost kernel:   Intel GenuineIntel
Aug 03 22:04:46 localhost kernel:   AMD AuthenticAMD
Aug 03 22:04:46 localhost kernel:   Centaur CentaurHauls
Aug 03 22:04:46 localhost kernel: x86/fpu: xstate_offset[2]:  576, xstate_sizes[2]:  256
Aug 03 22:04:46 localhost kernel: x86/fpu: Supporting XSAVE feature 0x01: 'x87 floating point registers'
Aug 03 22:04:46 localhost kernel: x86/fpu: Supporting XSAVE feature 0x02: 'SSE registers'
Aug 03 22:04:46 localhost kernel: x86/fpu: Supporting XSAVE feature 0x04: 'AVX registers'
Aug 03 22:04:46 localhost kernel: x86/fpu: Enabled xstate features 0x7, context size is 832 bytes, using 'standard' format.
Aug 03 22:04:46 localhost kernel: x86/fpu: Using 'eager' FPU context switches.
Aug 03 22:04:46 localhost kernel: e820: BIOS-provided physical RAM map:
Aug 03 22:04:46 localhost kernel: BIOS-e820: [mem 0x0000000000000000-0x0000000000092fff] usable
Aug 03 22:04:46 localhost kernel: BIOS-e820: [mem 0x0000000000093000-0x0000000000093fff] reserved
Aug 03 22:04:46 localhost kernel: BIOS-e820: [mem 0x0000000000094000-0x000000000009ffff] usable
Aug 03 22:04:46 localhost kernel: BIOS-e820: [mem 0x0000000000100000-0x000000006b3a0fff] usable
Aug 03 22:04:46 localhost kernel: BIOS-e820: [mem 0x000000006b3a1000-0x000000006b9a0fff] reserved
Aug 03 22:04:46 localhost kernel: BIOS-e820: [mem 0x000000006b9a1000-0x000000006b9a1fff] usable
Aug 03 22:04:46 localhost kernel: BIOS-e820: [mem 0x000000006b9a2000-0x000000006ba22fff] reserved
Aug 03 22:04:46 localhost kernel: BIOS-e820: [mem 0x000000006ba23000-0x00000000784fefff] usable
Aug 03 22:04:46 localhost kernel: BIOS-e820: [mem 0x00000000784ff000-0x00000000788fefff] reserved
Aug 03 22:04:46 localhost kernel: BIOS-e820: [mem 0x00000000788ff000-0x00000000790fefff] type 20
Aug 03 22:04:46 localhost kernel: BIOS-e820: [mem 0x00000000790ff000-0x00000000791fefff] reserved
Aug 03 22:04:46 localhost kernel: BIOS-e820: [mem 0x00000000791ff000-0x000000007b5fefff] ACPI NVS
Aug 03 22:04:46 localhost kernel: BIOS-e820: [mem 0x000000007b5ff000-0x000000007b7fefff] ACPI data
Aug 03 22:04:46 localhost kernel: BIOS-e820: [mem 0x000000007b7ff000-0x000000007b7fffff] usable
Aug 03 22:04:46 localhost kernel: BIOS-e820: [mem 0x0000000080000000-0x000000008fffffff] reserved
Aug 03 22:04:46 localhost kernel: BIOS-e820: [mem 0x0000000100000000-0x000000107fffffff] usable
Aug 03 22:04:46 localhost kernel: NX (Execute Disable) protection: active
Aug 03 22:04:46 localhost kernel: efi: EFI v2.40 by HP
Aug 03 22:04:46 localhost kernel: efi:  ACPI=0x7b7fe000  ACPI 2.0=0x7b7fe014  SMBIOS=0x788da000 
Aug 03 22:04:46 localhost kernel: SMBIOS 2.8 present.
Aug 03 22:04:46 localhost kernel: DMI: HP ProLiant m510 Server Cartridge/ProLiant m510 Server Cartridge, BIOS H05 05/09/2016
Aug 03 22:04:46 localhost kernel: e820: update [mem 0x00000000-0x00000fff] usable ==> reserved
Aug 03 22:04:46 localhost kernel: e820: remove [mem 0x000a0000-0x000fffff] usable
Aug 03 22:04:46 localhost kernel: e820: last_pfn = 0x1080000 max_arch_pfn = 0x400000000
Aug 03 22:04:46 localhost kernel: MTRR default type: write-back
Aug 03 22:04:46 localhost kernel: MTRR fixed ranges enabled:
Aug 03 22:04:46 localhost kernel:   00000-9FFFF write-back
Aug 03 22:04:46 localhost kernel:   A0000-BFFFF uncachable
Aug 03 22:04:46 localhost kernel:   C0000-DFFFF write-protect
Aug 03 22:04:46 localhost kernel:   E0000-FFFFF uncachable
Aug 03 22:04:46 localhost kernel: MTRR variable ranges enabled:
Aug 03 22:04:46 localhost kernel:   0 base 000080000000 mask 3FFF80000000 uncachable
Aug 03 22:04:46 localhost kernel:   1 base 001080000000 mask 3FFF80000000 uncachable
Aug 03 22:04:46 localhost kernel:   2 base 008000000000 mask 3F8000000000 uncachable
Aug 03 22:04:46 localhost kernel:   3 base 010000000000 mask 3F0000000000 uncachable
Aug 03 22:04:46 localhost kernel:   4 base 038000000000 mask 3FE000000000 uncachable
Aug 03 22:04:46 localhost kernel:   5 base 00007C000000 mask 3FFFFC000000 uncachable
Aug 03 22:04:46 localhost kernel:   6 base 00007FC00000 mask 3FFFFFC00000 uncachable
Aug 03 22:04:46 localhost kernel:   7 disabled
Aug 03 22:04:46 localhost kernel:   8 disabled
Aug 03 22:04:46 localhost kernel:   9 disabled
Aug 03 22:04:46 localhost kernel: x86/PAT: Configuration [0-7]: WB  WC  UC- UC  WB  WC  UC- WT  
Aug 03 22:04:46 localhost kernel: e820: last_pfn = 0x7b800 max_arch_pfn = 0x400000000
Aug 03 22:04:46 localhost kernel: Scanning 1 areas for low memory corruption
Aug 03 22:04:46 localhost kernel: Base memory trampoline at [ffff880000099000] 99000 size 24576
Aug 03 22:04:46 localhost kernel: Using GB pages for direct mapping
Aug 03 22:04:46 localhost kernel: BRK [0x03215000, 0x03215fff] PGTABLE
Aug 03 22:04:46 localhost kernel: BRK [0x03216000, 0x03216fff] PGTABLE
Aug 03 22:04:46 localhost kernel: BRK [0x03217000, 0x03217fff] PGTABLE
Aug 03 22:04:46 localhost kernel: BRK [0x03218000, 0x03218fff] PGTABLE
Aug 03 22:04:46 localhost kernel: BRK [0x03219000, 0x03219fff] PGTABLE
Aug 03 22:04:46 localhost kernel: BRK [0x0321a000, 0x0321afff] PGTABLE
Aug 03 22:04:46 localhost kernel: RAMDISK: [mem 0x33bd5000-0x35de1fff]
Aug 03 22:04:46 localhost kernel: ACPI: Early table checksum verification disabled
Aug 03 22:04:46 localhost kernel: ACPI: RSDP 0x000000007B7FE014 000024 (v02 HP    )
Aug 03 22:04:46 localhost kernel: ACPI: XSDT 0x000000007B7E8188 0000F4 (v01 HP     ProLiant 00000001      01000013)
Aug 03 22:04:46 localhost kernel: ACPI: FACP 0x000000007B7F5000 00010C (v05 HP     ProLiant 00000001 HP   00000001)
Aug 03 22:04:46 localhost kernel: ACPI: DSDT 0x000000007B7E2000 004EB5 (v02 HP     DSDT     00000002 HPAG 00020000)
Aug 03 22:04:46 localhost kernel: ACPI: FACS 0x000000007B581000 000040
Aug 03 22:04:46 localhost kernel: ACPI: UEFI 0x000000007B5B9000 000042 (v01 HP     ProLiant 00000002      01000013)
Aug 03 22:04:46 localhost kernel: ACPI: MCEJ 0x000000007B7FC000 000130 (v01 HP     ProLiant 00000001 INTL 0100000D)
Aug 03 22:04:46 localhost kernel: ACPI: SSDT 0x000000007B7FB000 000064 (v02 HP     SpsNvs   00000002 INTL 20130328)
Aug 03 22:04:46 localhost kernel: ACPI: HEST 0x000000007B7FA000 0000A8 (v01 HP     ProLiant 00000001 INTL 00000001)
Aug 03 22:04:46 localhost kernel: ACPI: BERT 0x000000007B7F9000 000030 (v01 HP     ProLiant 00000001 INTL 00000001)
Aug 03 22:04:46 localhost kernel: ACPI: ERST 0x000000007B7F8000 000230 (v01 HP     ProLiant 00000001 INTL 00000001)
Aug 03 22:04:46 localhost kernel: ACPI: EINJ 0x000000007B7F7000 000150 (v01 HP     ProLiant 00000001 INTL 00000001)
Aug 03 22:04:46 localhost kernel: ACPI: BGRT 0x000000007B7F6000 000038 (v01 HP     ProLiant 00000002 HP   01000013)
Aug 03 22:04:46 localhost kernel: ACPI: HPET 0x000000007B7F4000 000038 (v01 HP     ProLiant 00000001 HP   00000001)
Aug 03 22:04:46 localhost kernel: ACPI: PMCT 0x000000007B7F3000 000064 (v01 HP     ProLiant 00000001 HP   00000001)
Aug 03 22:04:46 localhost kernel: ACPI: WDDT 0x000000007B7F2000 000040 (v01 HP     ProLiant 00000001 HP   00000001)
Aug 03 22:04:46 localhost kernel: ACPI: APIC 0x000000007B7F1000 00021E (v03 HP     ProLiant 00000001 HP   00000001)
Aug 03 22:04:46 localhost kernel: ACPI: MCFG 0x000000007B7F0000 00003C (v01 HP     ProLiant 00000001 HP   00000001)
Aug 03 22:04:46 localhost kernel: ACPI: SLIT 0x000000007B7EF000 00002D (v01 HP     ProLiant 00000001 HP   00000001)
Aug 03 22:04:46 localhost kernel: ACPI: SRAT 0x000000007B7EE000 0001D8 (v03 HP     ProLiant 00000001 HP   00000001)
Aug 03 22:04:46 localhost kernel: ACPI: SPMI 0x000000007B7ED000 000041 (v05 HP     ProLiant 00000001 HP   00000001)
Aug 03 22:04:46 localhost kernel: ACPI: RASF 0x000000007B7EC000 000030 (v01 HP     ProLiant 00000001 HP   00000001)
Aug 03 22:04:46 localhost kernel: ACPI: SPCR 0x000000007B7EB000 000050 (v01 HP     ProLiant 00000001 HP   00000001)
Aug 03 22:04:46 localhost kernel: ACPI: MSCT 0x000000007B7EA000 00004E (v01 HP     ProLiant 00000001 HP   00000001)
Aug 03 22:04:46 localhost kernel: ACPI: BDAT 0x000000007B7E9000 000030 (v01 HP     ProLiant 00000001 HP   00000001)
Aug 03 22:04:46 localhost kernel: ACPI: PCCT 0x000000007B7FD000 00006E (v01 HP     ProLiant 00000001 HP   00000001)
Aug 03 22:04:46 localhost kernel: ACPI: DMAR 0x000000007B7E7000 0001C0 (v01 HP     ProLiant 00000001 HP   00000001)
Aug 03 22:04:46 localhost kernel: ACPI: SSDT 0x000000007B7DC000 005473 (v02 HP     PCISSDT  00000002 HPAG 00020000)
Aug 03 22:04:46 localhost kernel: ACPI: SSDT 0x000000007B7DB000 0001CB (v02 HP     TIMESSDT 00000002 HPAG 00020000)
Aug 03 22:04:46 localhost kernel: ACPI: SSDT 0x000000007B7DA000 0002F2 (v01 HP     pmab     00000001 INTL 20130328)
Aug 03 22:04:46 localhost kernel: ACPI: Local APIC address 0xfee00000
Aug 03 22:04:46 localhost kernel: SRAT: PXM 0 -> APIC 0x0000 -> Node 0
Aug 03 22:04:46 localhost kernel: SRAT: PXM 0 -> APIC 0x0002 -> Node 0
Aug 03 22:04:46 localhost kernel: SRAT: PXM 0 -> APIC 0x0004 -> Node 0
Aug 03 22:04:46 localhost kernel: SRAT: PXM 0 -> APIC 0x0006 -> Node 0
Aug 03 22:04:46 localhost kernel: SRAT: PXM 0 -> APIC 0x0008 -> Node 0
Aug 03 22:04:46 localhost kernel: SRAT: PXM 0 -> APIC 0x000a -> Node 0
Aug 03 22:04:46 localhost kernel: SRAT: PXM 0 -> APIC 0x000c -> Node 0
Aug 03 22:04:46 localhost kernel: SRAT: PXM 0 -> APIC 0x000e -> Node 0
Aug 03 22:04:46 localhost kernel: SRAT: PXM 0 -> APIC 0x0001 -> Node 0
Aug 03 22:04:46 localhost kernel: SRAT: PXM 0 -> APIC 0x0003 -> Node 0
Aug 03 22:04:46 localhost kernel: SRAT: PXM 0 -> APIC 0x0005 -> Node 0
Aug 03 22:04:46 localhost kernel: SRAT: PXM 0 -> APIC 0x0007 -> Node 0
Aug 03 22:04:46 localhost kernel: SRAT: PXM 0 -> APIC 0x0009 -> Node 0
Aug 03 22:04:46 localhost kernel: SRAT: PXM 0 -> APIC 0x000b -> Node 0
Aug 03 22:04:46 localhost kernel: SRAT: PXM 0 -> APIC 0x000d -> Node 0
Aug 03 22:04:46 localhost kernel: SRAT: PXM 0 -> APIC 0x000f -> Node 0
Aug 03 22:04:46 localhost kernel: SRAT: Node 0 PXM 0 [mem 0x00000000-0x107fffffff]
Aug 03 22:04:46 localhost kernel: NUMA: Initialized distance table, cnt=1
Aug 03 22:04:46 localhost kernel: NODE_DATA(0) allocated [mem 0x107fff7000-0x107fffbfff]
Aug 03 22:04:46 localhost kernel: Reserving 128MB of memory at 688MB for crashkernel (System RAM: 65406MB)
Aug 03 22:04:46 localhost kernel: Zone ranges:
Aug 03 22:04:46 localhost kernel:   DMA      [mem 0x0000000000001000-0x0000000000ffffff]
Aug 03 22:04:46 localhost kernel:   DMA32    [mem 0x0000000001000000-0x00000000ffffffff]
Aug 03 22:04:46 localhost kernel:   Normal   [mem 0x0000000100000000-0x000000107fffffff]
Aug 03 22:04:46 localhost kernel:   Device   empty
Aug 03 22:04:46 localhost kernel: Movable zone start for each node
Aug 03 22:04:46 localhost kernel: Early memory node ranges
Aug 03 22:04:46 localhost kernel:   node   0: [mem 0x0000000000001000-0x0000000000092fff]
Aug 03 22:04:46 localhost kernel:   node   0: [mem 0x0000000000094000-0x000000000009ffff]
Aug 03 22:04:46 localhost kernel:   node   0: [mem 0x0000000000100000-0x000000006b3a0fff]
Aug 03 22:04:46 localhost kernel:   node   0: [mem 0x000000006b9a1000-0x000000006b9a1fff]
Aug 03 22:04:46 localhost kernel:   node   0: [mem 0x000000006ba23000-0x00000000784fefff]
Aug 03 22:04:46 localhost kernel:   node   0: [mem 0x000000007b7ff000-0x000000007b7fffff]
Aug 03 22:04:46 localhost kernel:   node   0: [mem 0x0000000100000000-0x000000107fffffff]
Aug 03 22:04:46 localhost kernel: Initmem setup node 0 [mem 0x0000000000001000-0x000000107fffffff]
Aug 03 22:04:46 localhost kernel: On node 0 totalpages: 16743965
Aug 03 22:04:46 localhost kernel:   DMA zone: 64 pages used for memmap
Aug 03 22:04:46 localhost kernel:   DMA zone: 24 pages reserved
Aug 03 22:04:46 localhost kernel:   DMA zone: 3998 pages, LIFO batch:0
Aug 03 22:04:46 localhost kernel:   DMA32 zone: 7610 pages used for memmap
Aug 03 22:04:46 localhost kernel:   DMA32 zone: 487039 pages, LIFO batch:31
Aug 03 22:04:46 localhost kernel:   Normal zone: 253952 pages used for memmap
Aug 03 22:04:46 localhost kernel:   Normal zone: 16252928 pages, LIFO batch:31
Aug 03 22:04:46 localhost kernel: ACPI: PM-Timer IO Port: 0x408
Aug 03 22:04:46 localhost kernel: ACPI: Local APIC address 0xfee00000
Aug 03 22:04:46 localhost kernel: ACPI: X2APIC_NMI (uid[0x00] high level lint[0x1])
Aug 03 22:04:46 localhost kernel: ACPI: X2APIC_NMI (uid[0x01] high level lint[0x1])
Aug 03 22:04:46 localhost kernel: ACPI: X2APIC_NMI (uid[0x02] high level lint[0x1])
Aug 03 22:04:46 localhost kernel: ACPI: X2APIC_NMI (uid[0x03] high level lint[0x1])
Aug 03 22:04:46 localhost kernel: ACPI: X2APIC_NMI (uid[0x04] high level lint[0x1])
Aug 03 22:04:46 localhost kernel: ACPI: X2APIC_NMI (uid[0x05] high level lint[0x1])
Aug 03 22:04:46 localhost kernel: ACPI: X2APIC_NMI (uid[0x06] high level lint[0x1])
Aug 03 22:04:46 localhost kernel: ACPI: X2APIC_NMI (uid[0x07] high level lint[0x1])
Aug 03 22:04:46 localhost kernel: ACPI: X2APIC_NMI (uid[0x08] high level lint[0x1])
Aug 03 22:04:46 localhost kernel: ACPI: X2APIC_NMI (uid[0x09] high level lint[0x1])
Aug 03 22:04:46 localhost kernel: ACPI: X2APIC_NMI (uid[0x0a] high level lint[0x1])
Aug 03 22:04:46 localhost kernel: ACPI: X2APIC_NMI (uid[0x0b] high level lint[0x1])
Aug 03 22:04:46 localhost kernel: ACPI: X2APIC_NMI (uid[0x0c] high level lint[0x1])
Aug 03 22:04:46 localhost kernel: ACPI: X2APIC_NMI (uid[0x0d] high level lint[0x1])
Aug 03 22:04:46 localhost kernel: ACPI: X2APIC_NMI (uid[0x0e] high level lint[0x1])
Aug 03 22:04:46 localhost kernel: ACPI: X2APIC_NMI (uid[0x0f] high level lint[0x1])
Aug 03 22:04:46 localhost kernel: ACPI: LAPIC_NMI (acpi_id[0xff] high level lint[0x1])
Aug 03 22:04:46 localhost kernel: IOAPIC[0]: apic_id 8, version 32, address 0xfec00000, GSI 0-23
Aug 03 22:04:46 localhost kernel: IOAPIC[1]: apic_id 9, version 32, address 0xfec01000, GSI 24-47
Aug 03 22:04:46 localhost kernel: ACPI: INT_SRC_OVR (bus 0 bus_irq 0 global_irq 2 dfl dfl)
Aug 03 22:04:46 localhost kernel: ACPI: INT_SRC_OVR (bus 0 bus_irq 9 global_irq 9 high level)
Aug 03 22:04:46 localhost kernel: ACPI: IRQ0 used by override.
Aug 03 22:04:46 localhost kernel: ACPI: IRQ9 used by override.
Aug 03 22:04:46 localhost kernel: Using ACPI (MADT) for SMP configuration information
Aug 03 22:04:46 localhost kernel: ACPI: HPET id: 0x8086a701 base: 0xfed00000
Aug 03 22:04:46 localhost kernel: smpboot: Allowing 16 CPUs, 0 hotplug CPUs
Aug 03 22:04:46 localhost kernel: PM: Registered nosave memory: [mem 0x00000000-0x00000fff]
Aug 03 22:04:46 localhost kernel: PM: Registered nosave memory: [mem 0x00093000-0x00093fff]
Aug 03 22:04:46 localhost kernel: PM: Registered nosave memory: [mem 0x000a0000-0x000fffff]
Aug 03 22:04:46 localhost kernel: PM: Registered nosave memory: [mem 0x6b3a1000-0x6b9a0fff]
Aug 03 22:04:46 localhost kernel: PM: Registered nosave memory: [mem 0x6b9a2000-0x6ba22fff]
Aug 03 22:04:46 localhost kernel: PM: Registered nosave memory: [mem 0x784ff000-0x788fefff]
Aug 03 22:04:46 localhost kernel: PM: Registered nosave memory: [mem 0x788ff000-0x790fefff]
Aug 03 22:04:46 localhost kernel: PM: Registered nosave memory: [mem 0x790ff000-0x791fefff]
Aug 03 22:04:46 localhost kernel: PM: Registered nosave memory: [mem 0x791ff000-0x7b5fefff]
Aug 03 22:04:46 localhost kernel: PM: Registered nosave memory: [mem 0x7b5ff000-0x7b7fefff]
Aug 03 22:04:46 localhost kernel: PM: Registered nosave memory: [mem 0x7b800000-0x7fffffff]
Aug 03 22:04:46 localhost kernel: PM: Registered nosave memory: [mem 0x80000000-0x8fffffff]
Aug 03 22:04:46 localhost kernel: PM: Registered nosave memory: [mem 0x90000000-0xffffffff]
Aug 03 22:04:46 localhost kernel: e820: [mem 0x90000000-0xffffffff] available for PCI devices
Aug 03 22:04:46 localhost kernel: Booting paravirtualized kernel on bare hardware
Aug 03 22:04:46 localhost kernel: clocksource: refined-jiffies: mask: 0xffffffff max_cycles: 0xffffffff, max_idle_ns: 7645519600211568 ns
Aug 03 22:04:46 localhost kernel: setup_percpu: NR_CPUS:512 nr_cpumask_bits:512 nr_cpu_ids:16 nr_node_ids:1
Aug 03 22:04:46 localhost kernel: PERCPU: Embedded 34 pages/cpu @ffff88103f200000 s99544 r8192 d31528 u262144
Aug 03 22:04:46 localhost kernel: pcpu-alloc: s99544 r8192 d31528 u262144 alloc=1*2097152
Aug 03 22:04:46 localhost kernel: pcpu-alloc: [0] 00 01 02 03 04 05 06 07 [0] 08 09 10 11 12 13 14 15 
Aug 03 22:04:46 localhost kernel: Built 1 zonelists in Node order, mobility grouping on.  Total pages: 16482315
Aug 03 22:04:46 localhost kernel: Policy zone: Normal
Aug 03 22:04:46 localhost kernel: Kernel command line: BOOT_IMAGE=/boot/vmlinuz-4.4.0-116-generic root=UUID=ce184cb1-3771-4a20-b6cd-8e9a4649a561 ro console=ttyS0,115200 crashkernel=384M-:128M
Aug 03 22:04:46 localhost kernel: PID hash table entries: 4096 (order: 3, 32768 bytes)
Aug 03 22:04:46 localhost kernel: Calgary: detecting Calgary via BIOS EBDA area
Aug 03 22:04:46 localhost kernel: Calgary: Unable to locate Rio Grande table in EBDA - bailing!
Aug 03 22:04:46 localhost kernel: Memory: 65520064K/66975860K available (8530K kernel code, 1309K rwdata, 3992K rodata, 1508K init, 1316K bss, 1455796K reserved, 0K cma-reserved)
Aug 03 22:04:46 localhost kernel: SLUB: HWalign=64, Order=0-3, MinObjects=0, CPUs=16, Nodes=1
Aug 03 22:04:46 localhost kernel: Kernel/User page tables isolation: enabled
Aug 03 22:04:46 localhost kernel: Hierarchical RCU implementation.
Aug 03 22:04:46 localhost kernel:         Build-time adjustment of leaf fanout to 64.
Aug 03 22:04:46 localhost kernel:         RCU restricting CPUs from NR_CPUS=512 to nr_cpu_ids=16.
Aug 03 22:04:46 localhost kernel: RCU: Adjusting geometry for rcu_fanout_leaf=64, nr_cpu_ids=16
Aug 03 22:04:46 localhost kernel: NR_IRQS:33024 nr_irqs:960 16
Aug 03 22:04:46 localhost kernel: Console: colour dummy device 80x25
Aug 03 22:04:46 localhost kernel: console [ttyS0] enabled
Aug 03 22:04:46 localhost kernel: clocksource: hpet: mask: 0xffffffff max_cycles: 0xffffffff, max_idle_ns: 133484882848 ns
Aug 03 22:04:46 localhost kernel: hpet clockevent registered
Aug 03 22:04:46 localhost kernel: tsc: Fast TSC calibration using PIT
Aug 03 22:04:46 localhost kernel: tsc: Detected 1995.422 MHz processor
Aug 03 22:04:46 localhost kernel: Calibrating delay loop (skipped), value calculated using timer frequency.. 3990.84 BogoMIPS (lpj=7981688)
Aug 03 22:04:46 localhost kernel: pid_max: default: 32768 minimum: 301
Aug 03 22:04:46 localhost kernel: ACPI: Core revision 20150930
Aug 03 22:04:46 localhost kernel: ACPI: 5 ACPI AML tables successfully acquired and loaded
Aug 03 22:04:46 localhost kernel: Security Framework initialized
Aug 03 22:04:46 localhost kernel: Yama: becoming mindful.
Aug 03 22:04:46 localhost kernel: AppArmor: AppArmor initialized
Aug 03 22:04:46 localhost kernel: Dentry cache hash table entries: 8388608 (order: 14, 67108864 bytes)
Aug 03 22:04:46 localhost kernel: Inode-cache hash table entries: 4194304 (order: 13, 33554432 bytes)
Aug 03 22:04:46 localhost kernel: Mount-cache hash table entries: 131072 (order: 8, 1048576 bytes)
Aug 03 22:04:46 localhost kernel: Mountpoint-cache hash table entries: 131072 (order: 8, 1048576 bytes)
Aug 03 22:04:46 localhost kernel: Initializing cgroup subsys io
Aug 03 22:04:46 localhost kernel: Initializing cgroup subsys memory
Aug 03 22:04:46 localhost kernel: Initializing cgroup subsys devices
Aug 03 22:04:46 localhost kernel: Initializing cgroup subsys freezer
Aug 03 22:04:46 localhost kernel: Initializing cgroup subsys net_cls
Aug 03 22:04:46 localhost kernel: Initializing cgroup subsys perf_event
Aug 03 22:04:46 localhost kernel: Initializing cgroup subsys net_prio
Aug 03 22:04:46 localhost kernel: Initializing cgroup subsys hugetlb
Aug 03 22:04:46 localhost kernel: Initializing cgroup subsys pids
Aug 03 22:04:46 localhost kernel: CPU: Physical Processor ID: 0
Aug 03 22:04:46 localhost kernel: CPU: Processor Core ID: 0
Aug 03 22:04:46 localhost kernel: FEATURE SPEC_CTRL Not Present
Aug 03 22:04:46 localhost kernel: mce: CPU supports 22 MCE banks
Aug 03 22:04:46 localhost kernel: CPU0: Thermal monitoring enabled (TM1)
Aug 03 22:04:46 localhost kernel: process: using mwait in idle threads
Aug 03 22:04:46 localhost kernel: Last level iTLB entries: 4KB 64, 2MB 8, 4MB 8
Aug 03 22:04:46 localhost kernel: Last level dTLB entries: 4KB 64, 2MB 0, 4MB 0, 1GB 4
Aug 03 22:04:46 localhost kernel: Spectre V2 mitigation: Mitigation: Full generic retpoline
Aug 03 22:04:46 localhost kernel: Spectre V2 mitigation: Speculation control IBPB not-supported IBRS not-supported
Aug 03 22:04:46 localhost kernel: Freeing SMP alternatives memory: 32K
Aug 03 22:04:46 localhost kernel: ftrace: allocating 32186 entries in 126 pages
Aug 03 22:04:46 localhost kernel: smpboot: APIC(0) Converting physical 0 to logical package 0
Aug 03 22:04:46 localhost kernel: smpboot: Max logical packages: 2
Aug 03 22:04:46 localhost kernel: DMAR: Host address width 46
Aug 03 22:04:46 localhost kernel: DMAR: DRHD base: 0x000000fbffc000 flags: 0x1
Aug 03 22:04:46 localhost kernel: DMAR: dmar0: reg_base_addr fbffc000 ver 1:0 cap 8d2078c106f0466 ecap f020de
Aug 03 22:04:46 localhost kernel: DMAR: RMRR base: 0x0000007916d000 end: 0x0000007916ffff
Aug 03 22:04:46 localhost kernel: DMAR: RMRR base: 0x000000791ed000 end: 0x000000791f0fff
Aug 03 22:04:46 localhost kernel: DMAR: RMRR base: 0x000000791d7000 end: 0x000000791ecfff
Aug 03 22:04:46 localhost kernel: DMAR: RMRR base: 0x000000791c4000 end: 0x000000791d4fff
Aug 03 22:04:46 localhost kernel: DMAR: RMRR base: 0x000000791d5000 end: 0x000000791d6fff
Aug 03 22:04:46 localhost kernel: DMAR: ATSR flags: 0x0
Aug 03 22:04:46 localhost kernel: DMAR-IR: IOAPIC id 8 under DRHD base  0xfbffc000 IOMMU 0
Aug 03 22:04:46 localhost kernel: DMAR-IR: IOAPIC id 9 under DRHD base  0xfbffc000 IOMMU 0
Aug 03 22:04:46 localhost kernel: DMAR-IR: HPET id 0 under DRHD base 0xfbffc000
Aug 03 22:04:46 localhost kernel: DMAR-IR: Queued invalidation will be enabled to support x2apic and Intr-remapping.
Aug 03 22:04:46 localhost kernel: DMAR-IR: Enabled IRQ remapping in x2apic mode
Aug 03 22:04:46 localhost kernel: x2apic enabled
Aug 03 22:04:46 localhost kernel: Switched APIC routing to cluster x2apic.
Aug 03 22:04:46 localhost kernel: ..TIMER: vector=0x30 apic1=0 pin1=2 apic2=-1 pin2=-1
Aug 03 22:04:46 localhost kernel: TSC deadline timer enabled
Aug 03 22:04:46 localhost kernel: smpboot: CPU0: Intel(R) Xeon(R) CPU D-1548 @ 2.00GHz (family: 0x6, model: 0x56, stepping: 0x3)
Aug 03 22:04:46 localhost kernel: Performance Events: PEBS fmt2+, 16-deep LBR, Broadwell events, full-width counters, Broken BIOS detected, complain to your hardware vendor.
Aug 03 22:04:46 localhost kernel: [Firmware Bug]: the BIOS has corrupted hw-PMU resources (MSR 38d is 330)
Aug 03 22:04:46 localhost kernel: Intel PMU driver.
Aug 03 22:04:46 localhost kernel: ... version:                3
Aug 03 22:04:46 localhost kernel: ... bit width:              48
Aug 03 22:04:46 localhost kernel: ... generic registers:      4
Aug 03 22:04:46 localhost kernel: ... value mask:             0000ffffffffffff
Aug 03 22:04:46 localhost kernel: ... max period:             00007fffffffffff
Aug 03 22:04:46 localhost kernel: ... fixed-purpose events:   3
Aug 03 22:04:46 localhost kernel: ... event mask:             000000070000000f
Aug 03 22:04:46 localhost kernel: x86: Booting SMP configuration:
Aug 03 22:04:46 localhost kernel: .... node  #0, CPUs:        #1
Aug 03 22:04:46 localhost kernel: NMI watchdog: enabled on all CPUs, permanently consumes one hw-PMU counter.
Aug 03 22:04:46 localhost kernel:   #2  #3  #4  #5  #6  #7  #8  #9 #10 #11 #12 #13 #14 #15
Aug 03 22:04:46 localhost kernel: x86: Booted up 1 node, 16 CPUs
Aug 03 22:04:46 localhost kernel: smpboot: Total of 16 processors activated (63853.50 BogoMIPS)
Aug 03 22:04:46 localhost kernel: devtmpfs: initialized
Aug 03 22:04:46 localhost kernel: memory block size : 2048MB
Aug 03 22:04:46 localhost kernel: evm: security.selinux
Aug 03 22:04:46 localhost kernel: evm: security.SMACK64
Aug 03 22:04:46 localhost kernel: evm: security.SMACK64EXEC
Aug 03 22:04:46 localhost kernel: evm: security.SMACK64TRANSMUTE
Aug 03 22:04:46 localhost kernel: evm: security.SMACK64MMAP
Aug 03 22:04:46 localhost kernel: evm: security.ima
Aug 03 22:04:46 localhost kernel: evm: security.capability
Aug 03 22:04:46 localhost kernel: PM: Registering ACPI NVS region [mem 0x791ff000-0x7b5fefff] (37748736 bytes)
Aug 03 22:04:46 localhost kernel: clocksource: jiffies: mask: 0xffffffff max_cycles: 0xffffffff, max_idle_ns: 7645041785100000 ns
Aug 03 22:04:46 localhost kernel: futex hash table entries: 4096 (order: 6, 262144 bytes)
Aug 03 22:04:46 localhost kernel: pinctrl core: initialized pinctrl subsystem
Aug 03 22:04:46 localhost kernel: RTC time:  4:04:27, date: 08/04/18
Aug 03 22:04:46 localhost kernel: NET: Registered protocol family 16
Aug 03 22:04:46 localhost kernel: cpuidle: using governor ladder
Aug 03 22:04:46 localhost kernel: cpuidle: using governor menu
Aug 03 22:04:46 localhost kernel: Error parsing PCC subspaces from PCCT
Aug 03 22:04:46 localhost kernel: ACPI FADT declares the system doesn't support PCIe ASPM, so disable it
Aug 03 22:04:46 localhost kernel: ACPI: bus type PCI registered
Aug 03 22:04:46 localhost kernel: acpiphp: ACPI Hot Plug PCI Controller Driver version: 0.5
Aug 03 22:04:46 localhost kernel: PCI: MMCONFIG for domain 0000 [bus 00-ff] at [mem 0x80000000-0x8fffffff] (base 0x80000000)
Aug 03 22:04:46 localhost kernel: PCI: MMCONFIG at [mem 0x80000000-0x8fffffff] reserved in E820
Aug 03 22:04:46 localhost kernel: PCI: Using configuration type 1 for base access
Aug 03 22:04:46 localhost kernel: ACPI: Added _OSI(Module Device)
Aug 03 22:04:46 localhost kernel: ACPI: Added _OSI(Processor Device)
Aug 03 22:04:46 localhost kernel: ACPI: Added _OSI(3.0 _SCP Extensions)
Aug 03 22:04:46 localhost kernel: ACPI: Added _OSI(Processor Aggregator Device)
Aug 03 22:04:46 localhost kernel: ACPI: Interpreter enabled
Aug 03 22:04:46 localhost kernel: ACPI: (supports S0 S5)
Aug 03 22:04:46 localhost kernel: ACPI: Using IOAPIC for interrupt routing
Aug 03 22:04:46 localhost kernel: HEST: Table parsing has been initialized.
Aug 03 22:04:46 localhost kernel: PCI: Using host bridge windows from ACPI; if necessary, use "pci=nocrs" and report a bug
Aug 03 22:04:46 localhost kernel: ACPI: PCI Root Bridge [UNC0] (domain 0000 [bus ff])
Aug 03 22:04:46 localhost kernel: acpi PNP0A03:00: _OSC: OS supports [ExtendedConfig ASPM ClockPM Segments MSI]
Aug 03 22:04:46 localhost kernel: acpi PNP0A03:00: _OSC failed (AE_NOT_FOUND); disabling ASPM
Aug 03 22:04:46 localhost kernel: PCI host bridge to bus 0000:ff
Aug 03 22:04:46 localhost kernel: pci_bus 0000:ff: root bus resource [bus ff]
Aug 03 22:04:46 localhost kernel: pci 0000:ff:0b.0: [8086:6f81] type 00 class 0x088000
Aug 03 22:04:46 localhost kernel: pci 0000:ff:0b.1: [8086:6f36] type 00 class 0x110100
Aug 03 22:04:46 localhost kernel: pci 0000:ff:0b.2: [8086:6f37] type 00 class 0x110100
Aug 03 22:04:46 localhost kernel: pci 0000:ff:0b.3: [8086:6f76] type 00 class 0x088000
Aug 03 22:04:46 localhost kernel: pci 0000:ff:0c.0: [8086:6fe0] type 00 class 0x088000
Aug 03 22:04:46 localhost kernel: pci 0000:ff:0c.1: [8086:6fe1] type 00 class 0x088000
Aug 03 22:04:46 localhost kernel: pci 0000:ff:0c.2: [8086:6fe2] type 00 class 0x088000
Aug 03 22:04:46 localhost kernel: pci 0000:ff:0c.3: [8086:6fe3] type 00 class 0x088000
Aug 03 22:04:46 localhost kernel: pci 0000:ff:0c.4: [8086:6fe4] type 00 class 0x088000
Aug 03 22:04:46 localhost kernel: pci 0000:ff:0c.5: [8086:6fe5] type 00 class 0x088000
Aug 03 22:04:46 localhost kernel: pci 0000:ff:0c.6: [8086:6fe6] type 00 class 0x088000
Aug 03 22:04:46 localhost kernel: pci 0000:ff:0c.7: [8086:6fe7] type 00 class 0x088000
Aug 03 22:04:46 localhost kernel: pci 0000:ff:0f.0: [8086:6ff8] type 00 class 0x088000
Aug 03 22:04:46 localhost kernel: pci 0000:ff:0f.4: [8086:6ffc] type 00 class 0x088000
Aug 03 22:04:46 localhost kernel: pci 0000:ff:0f.5: [8086:6ffd] type 00 class 0x088000
Aug 03 22:04:46 localhost kernel: pci 0000:ff:0f.6: [8086:6ffe] type 00 class 0x088000
Aug 03 22:04:46 localhost kernel: pci 0000:ff:10.0: [8086:6f1d] type 00 class 0x088000
Aug 03 22:04:46 localhost kernel: pci 0000:ff:10.1: [8086:6f34] type 00 class 0x110100
Aug 03 22:04:46 localhost kernel: pci 0000:ff:10.5: [8086:6f1e] type 00 class 0x088000
Aug 03 22:04:46 localhost kernel: pci 0000:ff:10.6: [8086:6f7d] type 00 class 0x110100
Aug 03 22:04:46 localhost kernel: pci 0000:ff:10.7: [8086:6f1f] type 00 class 0x088000
Aug 03 22:04:46 localhost kernel: pci 0000:ff:12.0: [8086:6fa0] type 00 class 0x088000
Aug 03 22:04:46 localhost kernel: pci 0000:ff:12.1: [8086:6f30] type 00 class 0x110100
Aug 03 22:04:46 localhost kernel: pci 0000:ff:12.2: [8086:6f70] type 00 class 0x088000
Aug 03 22:04:46 localhost kernel: pci 0000:ff:13.0: [8086:6fa8] type 00 class 0x088000
Aug 03 22:04:46 localhost kernel: pci 0000:ff:13.1: [8086:6f71] type 00 class 0x088000
Aug 03 22:04:46 localhost kernel: pci 0000:ff:13.2: [8086:6faa] type 00 class 0x088000
Aug 03 22:04:46 localhost kernel: pci 0000:ff:13.3: [8086:6fab] type 00 class 0x088000
Aug 03 22:04:46 localhost kernel: pci 0000:ff:13.4: [8086:6fac] type 00 class 0x088000
Aug 03 22:04:46 localhost kernel: pci 0000:ff:13.5: [8086:6fad] type 00 class 0x088000
Aug 03 22:04:46 localhost kernel: pci 0000:ff:13.6: [8086:6fae] type 00 class 0x088000
Aug 03 22:04:46 localhost kernel: pci 0000:ff:13.7: [8086:6faf] type 00 class 0x088000
Aug 03 22:04:46 localhost kernel: pci 0000:ff:14.0: [8086:6fb0] type 00 class 0x088000
Aug 03 22:04:46 localhost kernel: pci 0000:ff:14.1: [8086:6fb1] type 00 class 0x088000
Aug 03 22:04:46 localhost kernel: pci 0000:ff:14.2: [8086:6fb2] type 00 class 0x088000
Aug 03 22:04:46 localhost kernel: pci 0000:ff:14.3: [8086:6fb3] type 00 class 0x088000
Aug 03 22:04:46 localhost kernel: pci 0000:ff:14.4: [8086:6fbc] type 00 class 0x088000
Aug 03 22:04:46 localhost kernel: pci 0000:ff:14.5: [8086:6fbd] type 00 class 0x088000
Aug 03 22:04:46 localhost kernel: pci 0000:ff:14.6: [8086:6fbe] type 00 class 0x088000
Aug 03 22:04:46 localhost kernel: pci 0000:ff:14.7: [8086:6fbf] type 00 class 0x088000
Aug 03 22:04:46 localhost kernel: pci 0000:ff:15.0: [8086:6fb4] type 00 class 0x088000
Aug 03 22:04:46 localhost kernel: pci 0000:ff:15.1: [8086:6fb5] type 00 class 0x088000
Aug 03 22:04:46 localhost kernel: pci 0000:ff:15.2: [8086:6fb6] type 00 class 0x088000
Aug 03 22:04:46 localhost kernel: pci 0000:ff:15.3: [8086:6fb7] type 00 class 0x088000
Aug 03 22:04:46 localhost kernel: pci 0000:ff:1e.0: [8086:6f98] type 00 class 0x088000
Aug 03 22:04:46 localhost kernel: pci 0000:ff:1e.1: [8086:6f99] type 00 class 0x088000
Aug 03 22:04:46 localhost kernel: pci 0000:ff:1e.2: [8086:6f9a] type 00 class 0x088000
Aug 03 22:04:46 localhost kernel: pci 0000:ff:1e.3: [8086:6fc0] type 00 class 0x088000
Aug 03 22:04:46 localhost kernel: pci 0000:ff:1e.4: [8086:6f9c] type 00 class 0x088000
Aug 03 22:04:46 localhost kernel: pci 0000:ff:1f.0: [8086:6f88] type 00 class 0x088000
Aug 03 22:04:46 localhost kernel: pci 0000:ff:1f.2: [8086:6f8a] type 00 class 0x088000
Aug 03 22:04:46 localhost kernel: ACPI: PCI Root Bridge [PCI0] (domain 0000 [bus 00-fe])
Aug 03 22:04:46 localhost kernel: acpi PNP0A08:00: _OSC: OS supports [ExtendedConfig ASPM ClockPM Segments MSI]
Aug 03 22:04:46 localhost kernel: acpi PNP0A08:00: _OSC: platform does not support [AER]
Aug 03 22:04:46 localhost kernel: acpi PNP0A08:00: _OSC: OS now controls [PCIeHotplug PME PCIeCapability]
Aug 03 22:04:46 localhost kernel: acpi PNP0A08:00: FADT indicates ASPM is unsupported, using BIOS configuration
Aug 03 22:04:46 localhost kernel: PCI host bridge to bus 0000:00
Aug 03 22:04:46 localhost kernel: pci_bus 0000:00: root bus resource [mem 0x000c4000-0x000cbfff window]
Aug 03 22:04:46 localhost kernel: pci_bus 0000:00: root bus resource [io  0x0000-0x03af window]
Aug 03 22:04:46 localhost kernel: pci_bus 0000:00: root bus resource [io  0x03e0-0x0cf7 window]
Aug 03 22:04:46 localhost kernel: pci_bus 0000:00: root bus resource [io  0x03b0-0x03bb window]
Aug 03 22:04:46 localhost kernel: pci_bus 0000:00: root bus resource [io  0x03c0-0x03df window]
Aug 03 22:04:46 localhost kernel: pci_bus 0000:00: root bus resource [mem 0x000a0000-0x000bffff window]
Aug 03 22:04:46 localhost kernel: pci_bus 0000:00: root bus resource [io  0x1000-0xffff window]
Aug 03 22:04:46 localhost kernel: pci_bus 0000:00: root bus resource [mem 0x90000000-0xfbffbfff window]
Aug 03 22:04:46 localhost kernel: pci_bus 0000:00: root bus resource [mem 0x38000000000-0x39fffffffff window]
Aug 03 22:04:46 localhost kernel: pci_bus 0000:00: root bus resource [bus 00-fe]
Aug 03 22:04:46 localhost kernel: pci 0000:00:00.0: [8086:6f00] type 00 class 0x060000
Aug 03 22:04:46 localhost kernel: pci 0000:00:01.0: [8086:6f02] type 01 class 0x060400
Aug 03 22:04:46 localhost kernel: pci 0000:00:01.0: PME# supported from D0 D3hot D3cold
Aug 03 22:04:46 localhost kernel: pci 0000:00:01.0: System wakeup disabled by ACPI
Aug 03 22:04:46 localhost kernel: pci 0000:00:01.1: [8086:6f03] type 01 class 0x060400
Aug 03 22:04:46 localhost kernel: pci 0000:00:01.1: PME# supported from D0 D3hot D3cold
Aug 03 22:04:46 localhost kernel: pci 0000:00:02.0: [8086:6f04] type 01 class 0x060400
Aug 03 22:04:46 localhost kernel: pci 0000:00:02.0: PME# supported from D0 D3hot D3cold
Aug 03 22:04:46 localhost kernel: pci 0000:00:02.0: System wakeup disabled by ACPI
Aug 03 22:04:46 localhost kernel: pci 0000:00:02.1: [8086:6f05] type 01 class 0x060400
Aug 03 22:04:46 localhost kernel: pci 0000:00:02.1: PME# supported from D0 D3hot D3cold
Aug 03 22:04:46 localhost kernel: pci 0000:00:02.2: [8086:6f06] type 01 class 0x060400
Aug 03 22:04:46 localhost kernel: pci 0000:00:02.2: PME# supported from D0 D3hot D3cold
Aug 03 22:04:46 localhost kernel: pci 0000:00:02.3: [8086:6f07] type 01 class 0x060400
Aug 03 22:04:46 localhost kernel: pci 0000:00:02.3: PME# supported from D0 D3hot D3cold
Aug 03 22:04:46 localhost kernel: pci 0000:00:03.0: [8086:6f08] type 01 class 0x060400
Aug 03 22:04:46 localhost kernel: pci 0000:00:03.0: PME# supported from D0 D3hot D3cold
Aug 03 22:04:46 localhost kernel: pci 0000:00:03.1: [8086:6f09] type 01 class 0x060400
Aug 03 22:04:46 localhost kernel: pci 0000:00:03.1: PME# supported from D0 D3hot D3cold
Aug 03 22:04:46 localhost kernel: pci 0000:00:03.2: [8086:6f0a] type 01 class 0x060400
Aug 03 22:04:46 localhost kernel: pci 0000:00:03.2: PME# supported from D0 D3hot D3cold
Aug 03 22:04:46 localhost kernel: pci 0000:00:03.3: [8086:6f0b] type 01 class 0x060400
Aug 03 22:04:46 localhost kernel: pci 0000:00:03.3: PME# supported from D0 D3hot D3cold
Aug 03 22:04:46 localhost kernel: pci 0000:00:05.0: [8086:6f28] type 00 class 0x088000
Aug 03 22:04:46 localhost kernel: pci 0000:00:05.1: [8086:6f29] type 00 class 0x088000
Aug 03 22:04:46 localhost kernel: pci 0000:00:05.2: [8086:6f2a] type 00 class 0x088000
Aug 03 22:04:46 localhost kernel: pci 0000:00:05.4: [8086:6f2c] type 00 class 0x080020
Aug 03 22:04:46 localhost kernel: pci 0000:00:05.4: reg 0x10: [mem 0x93b02000-0x93b02fff]
Aug 03 22:04:46 localhost kernel: pci 0000:00:1c.0: [8086:8c10] type 01 class 0x060400
Aug 03 22:04:46 localhost kernel: pci 0000:00:1c.0: PME# supported from D0 D3hot D3cold
Aug 03 22:04:46 localhost kernel: pci 0000:00:1c.4: [8086:8c18] type 01 class 0x060400
Aug 03 22:04:46 localhost kernel: pci 0000:00:1c.4: PME# supported from D0 D3hot D3cold
Aug 03 22:04:46 localhost kernel: pci 0000:00:1c.6: [8086:8c1c] type 01 class 0x060400
Aug 03 22:04:46 localhost kernel: pci 0000:00:1c.6: PME# supported from D0 D3hot D3cold
Aug 03 22:04:46 localhost kernel: pci 0000:00:1c.7: [8086:8c1e] type 01 class 0x060400
Aug 03 22:04:46 localhost kernel: pci 0000:00:1c.7: PME# supported from D0 D3hot D3cold
Aug 03 22:04:46 localhost kernel: pci 0000:00:1d.0: [8086:8c26] type 00 class 0x0c0320
Aug 03 22:04:46 localhost kernel: pci 0000:00:1d.0: reg 0x10: [mem 0x93b00000-0x93b003ff]
Aug 03 22:04:46 localhost kernel: pci 0000:00:1d.0: PME# supported from D0 D3hot D3cold
Aug 03 22:04:46 localhost kernel: pci 0000:00:1f.0: [8086:8c54] type 00 class 0x060100
Aug 03 22:04:46 localhost kernel: pci 0000:00:1f.3: [8086:8c22] type 00 class 0x0c0500
Aug 03 22:04:46 localhost kernel: pci 0000:00:1f.3: reg 0x10: [mem 0x39fff801000-0x39fff8010ff 64bit]
Aug 03 22:04:46 localhost kernel: pci 0000:00:1f.3: reg 0x20: [io  0x2000-0x201f]
Aug 03 22:04:46 localhost kernel: pci 0000:00:1f.6: [8086:8c24] type 00 class 0x118000
Aug 03 22:04:46 localhost kernel: pci 0000:00:1f.6: reg 0x10: [mem 0x39fff800000-0x39fff800fff 64bit]
Aug 03 22:04:46 localhost kernel: pci 0000:09:00.0: [15b3:1007] type 00 class 0x020000
Aug 03 22:04:46 localhost kernel: pci 0000:09:00.0: reg 0x10: [mem 0x93800000-0x938fffff 64bit]
Aug 03 22:04:46 localhost kernel: pci 0000:09:00.0: reg 0x18: [mem 0x93000000-0x937fffff 64bit pref]
Aug 03 22:04:46 localhost kernel: pci 0000:09:00.0: reg 0x30: [mem 0x00000000-0x000fffff pref]
Aug 03 22:04:46 localhost kernel: pci 0000:09:00.0: reg 0x134: [mem 0x39ff7800000-0x39ff7ffffff 64bit pref]
Aug 03 22:04:46 localhost kernel: pci 0000:09:00.0: VF(n) BAR2 space: [mem 0x39ff7800000-0x39fff7fffff 64bit pref] (contains BAR2 for 16 VFs)
Aug 03 22:04:46 localhost kernel: pci 0000:00:01.0: PCI bridge to [bus 09]
Aug 03 22:04:46 localhost kernel: pci 0000:00:01.0:   bridge window [mem 0x93000000-0x938fffff]
Aug 03 22:04:46 localhost kernel: pci 0000:00:01.0:   bridge window [mem 0x39ff7800000-0x39fff7fffff 64bit pref]
Aug 03 22:04:46 localhost kernel: pci 0000:00:01.1: PCI bridge to [bus 0a]
Aug 03 22:04:46 localhost kernel: pci 0000:05:00.0: [8086:6f50] type 00 class 0x088000
Aug 03 22:04:46 localhost kernel: pci 0000:05:00.0: reg 0x10: [mem 0x93a00000-0x93a01fff 64bit]
Aug 03 22:04:46 localhost kernel: pci 0000:05:00.1: [8086:6f51] type 00 class 0x088000
Aug 03 22:04:46 localhost kernel: pci 0000:05:00.1: reg 0x10: [mem 0x93a02000-0x93a03fff 64bit]
Aug 03 22:04:46 localhost kernel: pci 0000:05:00.2: [8086:6f52] type 00 class 0x088000
Aug 03 22:04:46 localhost kernel: pci 0000:05:00.2: reg 0x10: [mem 0x93a04000-0x93a05fff 64bit]
Aug 03 22:04:46 localhost kernel: pci 0000:05:00.3: [8086:6f53] type 00 class 0x088000
Aug 03 22:04:46 localhost kernel: pci 0000:05:00.3: reg 0x10: [mem 0x93a06000-0x93a07fff 64bit]
Aug 03 22:04:46 localhost kernel: pci 0000:00:02.0: PCI bridge to [bus 05]
Aug 03 22:04:46 localhost kernel: pci 0000:00:02.0:   bridge window [mem 0x93a00000-0x93afffff]
Aug 03 22:04:46 localhost kernel: pci 0000:00:02.1: PCI bridge to [bus 06]
Aug 03 22:04:46 localhost kernel: pci 0000:00:02.2: PCI bridge to [bus 07]
Aug 03 22:04:46 localhost kernel: pci 0000:00:02.3: PCI bridge to [bus 08]
Aug 03 22:04:46 localhost kernel: pci 0000:00:03.0: PCI bridge to [bus 0b]
Aug 03 22:04:46 localhost kernel: pci 0000:00:03.1: PCI bridge to [bus 0c]
Aug 03 22:04:46 localhost kernel: pci 0000:0d:00.0: [1179:010f] type 00 class 0x010802
Aug 03 22:04:46 localhost kernel: pci 0000:0d:00.0: reg 0x10: [mem 0x93900000-0x93903fff 64bit]
Aug 03 22:04:46 localhost kernel: pci 0000:00:03.2: PCI bridge to [bus 0d]
Aug 03 22:04:46 localhost kernel: pci 0000:00:03.2:   bridge window [mem 0x93900000-0x939fffff]
Aug 03 22:04:46 localhost kernel: pci 0000:00:03.3: PCI bridge to [bus 10]
Aug 03 22:04:46 localhost kernel: pci 0000:00:1c.0: PCI bridge to [bus 02]
Aug 03 22:04:46 localhost kernel: pci 0000:00:1c.4: PCI bridge to [bus 03]
Aug 03 22:04:46 localhost kernel: pci 0000:00:1c.6: PCI bridge to [bus 04]
Aug 03 22:04:46 localhost kernel: pci 0000:01:00.0: [103c:3306] type 00 class 0x088000
Aug 03 22:04:46 localhost kernel: pci 0000:01:00.0: reg 0x10: [io  0x1200-0x12ff]
Aug 03 22:04:46 localhost kernel: pci 0000:01:00.0: reg 0x14: [mem 0x92a8d000-0x92a8d1ff]
Aug 03 22:04:46 localhost kernel: pci 0000:01:00.0: reg 0x18: [io  0x1100-0x11ff]
Aug 03 22:04:46 localhost kernel: pci 0000:01:00.1: [102b:0533] type 00 class 0x030000
Aug 03 22:04:46 localhost kernel: pci 0000:01:00.1: reg 0x10: [mem 0x91000000-0x91ffffff pref]
Aug 03 22:04:46 localhost kernel: pci 0000:01:00.1: reg 0x14: [mem 0x92a88000-0x92a8bfff]
Aug 03 22:04:46 localhost kernel: pci 0000:01:00.1: reg 0x18: [mem 0x92000000-0x927fffff]
Aug 03 22:04:46 localhost kernel: pci 0000:01:00.2: [103c:3307] type 00 class 0x088000
Aug 03 22:04:46 localhost kernel: pci 0000:01:00.2: reg 0x10: [io  0x1000-0x10ff]
Aug 03 22:04:46 localhost kernel: pci 0000:01:00.2: reg 0x14: [mem 0x92a8c000-0x92a8c0ff]
Aug 03 22:04:46 localhost kernel: pci 0000:01:00.2: reg 0x18: [mem 0x92900000-0x929fffff]
Aug 03 22:04:46 localhost kernel: pci 0000:01:00.2: reg 0x1c: [mem 0x92a00000-0x92a7ffff]
Aug 03 22:04:46 localhost kernel: pci 0000:01:00.2: reg 0x20: [mem 0x92a80000-0x92a87fff]
Aug 03 22:04:46 localhost kernel: pci 0000:01:00.2: reg 0x24: [mem 0x92800000-0x928fffff]
Aug 03 22:04:46 localhost kernel: pci 0000:01:00.2: reg 0x30: [mem 0x00000000-0x0000ffff pref]
Aug 03 22:04:46 localhost kernel: pci 0000:01:00.2: PME# supported from D0 D3hot D3cold
Aug 03 22:04:46 localhost kernel: pci 0000:01:00.4: [103c:3300] type 00 class 0x0c0300
Aug 03 22:04:46 localhost kernel: pci 0000:01:00.4: reg 0x20: [io  0x1300-0x131f]
Aug 03 22:04:46 localhost kernel: pci 0000:00:1c.7: PCI bridge to [bus 01]
Aug 03 22:04:46 localhost kernel: pci 0000:00:1c.7:   bridge window [io  0x1000-0x1fff]
Aug 03 22:04:46 localhost kernel: pci 0000:00:1c.7:   bridge window [mem 0x90000000-0x92afffff]
Aug 03 22:04:46 localhost kernel: pci_bus 0000:00: on NUMA node 0
Aug 03 22:04:46 localhost kernel: ACPI: PCI Interrupt Link [LNKA] (IRQs 3 4 5 6 7 9 10 11 12 14 15) *0, disabled.
Aug 03 22:04:46 localhost kernel: ACPI: PCI Interrupt Link [LNKB] (IRQs 3 4 5 6 7 9 10 11 12 14 15) *0, disabled.
Aug 03 22:04:46 localhost kernel: ACPI: PCI Interrupt Link [LNKC] (IRQs 3 4 5 6 7 9 10 11 12 14 15) *0, disabled.
Aug 03 22:04:46 localhost kernel: ACPI: PCI Interrupt Link [LNKD] (IRQs 3 4 5 6 7 9 10 11 12 14 15) *0, disabled.
Aug 03 22:04:46 localhost kernel: ACPI: PCI Interrupt Link [LNKE] (IRQs 3 4 5 6 7 9 10 11 12 14 15) *0, disabled.
Aug 03 22:04:46 localhost kernel: ACPI: PCI Interrupt Link [LNKF] (IRQs 3 4 5 6 7 9 10 11 12 14 15) *0, disabled.
Aug 03 22:04:46 localhost kernel: ACPI: PCI Interrupt Link [LNKG] (IRQs 3 4 5 6 7 9 10 11 12 14 15) *0, disabled.
Aug 03 22:04:46 localhost kernel: ACPI: PCI Interrupt Link [LNKH] (IRQs 3 4 5 6 7 9 10 11 12 14 15) *0, disabled.
Aug 03 22:04:46 localhost kernel: ACPI: Enabled 9 GPEs in block 00 to 3F
Aug 03 22:04:46 localhost kernel: vgaarb: setting as boot device: PCI:0000:01:00.1
Aug 03 22:04:46 localhost kernel: vgaarb: device added: PCI:0000:01:00.1,decodes=io+mem,owns=io+mem,locks=none
Aug 03 22:04:46 localhost kernel: vgaarb: loaded
Aug 03 22:04:46 localhost kernel: vgaarb: bridge control possible 0000:01:00.1
Aug 03 22:04:46 localhost kernel: SCSI subsystem initialized
Aug 03 22:04:46 localhost kernel: libata version 3.00 loaded.
Aug 03 22:04:46 localhost kernel: ACPI: bus type USB registered
Aug 03 22:04:46 localhost kernel: usbcore: registered new interface driver usbfs
Aug 03 22:04:46 localhost kernel: usbcore: registered new interface driver hub
Aug 03 22:04:46 localhost kernel: usbcore: registered new device driver usb
Aug 03 22:04:46 localhost kernel: PCI: Using ACPI for IRQ routing
Aug 03 22:04:46 localhost kernel: PCI: pci_cache_line_size set to 64 bytes
Aug 03 22:04:46 localhost kernel: e820: reserve RAM buffer [mem 0x00093000-0x0009ffff]
Aug 03 22:04:46 localhost kernel: e820: reserve RAM buffer [mem 0x6b3a1000-0x6bffffff]
Aug 03 22:04:46 localhost kernel: e820: reserve RAM buffer [mem 0x6b9a2000-0x6bffffff]
Aug 03 22:04:46 localhost kernel: e820: reserve RAM buffer [mem 0x784ff000-0x7bffffff]
Aug 03 22:04:46 localhost kernel: e820: reserve RAM buffer [mem 0x7b800000-0x7bffffff]
Aug 03 22:04:46 localhost kernel: NetLabel: Initializing
Aug 03 22:04:46 localhost kernel: NetLabel:  domain hash size = 128
Aug 03 22:04:46 localhost kernel: NetLabel:  protocols = UNLABELED CIPSOv4
Aug 03 22:04:46 localhost kernel: NetLabel:  unlabeled traffic allowed by default
Aug 03 22:04:46 localhost kernel: hpet0: at MMIO 0xfed00000, IRQs 2, 8, 0, 0, 0, 0, 0, 0
Aug 03 22:04:46 localhost kernel: hpet0: 8 comparators, 64-bit 14.318180 MHz counter
Aug 03 22:04:46 localhost kernel: amd_nb: Cannot enumerate AMD northbridges
Aug 03 22:04:46 localhost kernel: clocksource: Switched to clocksource hpet
Aug 03 22:04:46 localhost kernel: AppArmor: AppArmor Filesystem Enabled
Aug 03 22:04:46 localhost kernel: pnp: PnP ACPI init
Aug 03 22:04:46 localhost kernel: pnp 00:00: Plug and Play ACPI device, IDs PNP0b00 (active)
Aug 03 22:04:46 localhost kernel: system 00:01: [io  0x0500-0x053f] has been reserved
Aug 03 22:04:46 localhost kernel: system 00:01: [io  0x0400-0x047f] has been reserved
Aug 03 22:04:46 localhost kernel: system 00:01: [io  0x0540-0x057f] has been reserved
Aug 03 22:04:46 localhost kernel: system 00:01: [io  0x0600-0x061f] has been reserved
Aug 03 22:04:46 localhost kernel: system 00:01: [io  0x0880-0x0883] has been reserved
Aug 03 22:04:46 localhost kernel: system 00:01: [io  0x0800-0x081f] has been reserved
Aug 03 22:04:46 localhost kernel: system 00:01: [mem 0xfed1c000-0xfed3ffff] has been reserved
Aug 03 22:04:46 localhost kernel: system 00:01: [mem 0xfed45000-0xfed8bfff] has been reserved
Aug 03 22:04:46 localhost kernel: system 00:01: [mem 0xff000000-0xffffffff] has been reserved
Aug 03 22:04:46 localhost kernel: system 00:01: [mem 0xfee00000-0xfeefffff] has been reserved
Aug 03 22:04:46 localhost kernel: system 00:01: [mem 0xfed12000-0xfed1200f] has been reserved
Aug 03 22:04:46 localhost kernel: system 00:01: [mem 0xfed12010-0xfed1201f] has been reserved
Aug 03 22:04:46 localhost kernel: system 00:01: [mem 0xfed1b000-0xfed1bfff] has been reserved
Aug 03 22:04:46 localhost kernel: system 00:01: Plug and Play ACPI device, IDs PNP0c02 (active)
Aug 03 22:04:46 localhost kernel: pnp 00:02: Plug and Play ACPI device, IDs PNP0501 (active)
Aug 03 22:04:46 localhost kernel: pnp: PnP ACPI: found 3 devices
Aug 03 22:04:46 localhost kernel: clocksource: acpi_pm: mask: 0xffffff max_cycles: 0xffffff, max_idle_ns: 2085701024 ns
Aug 03 22:04:46 localhost kernel: pci 0000:09:00.0: BAR 6: no space for [mem size 0x00100000 pref]
Aug 03 22:04:46 localhost kernel: pci 0000:09:00.0: BAR 6: failed to assign [mem size 0x00100000 pref]
Aug 03 22:04:46 localhost kernel: pci 0000:00:01.0: PCI bridge to [bus 09]
Aug 03 22:04:46 localhost kernel: pci 0000:00:01.0:   bridge window [mem 0x93000000-0x938fffff]
Aug 03 22:04:46 localhost kernel: pci 0000:00:01.0:   bridge window [mem 0x39ff7800000-0x39fff7fffff 64bit pref]
Aug 03 22:04:46 localhost kernel: pci 0000:00:01.1: PCI bridge to [bus 0a]
Aug 03 22:04:46 localhost kernel: pci 0000:00:02.0: PCI bridge to [bus 05]
Aug 03 22:04:46 localhost kernel: pci 0000:00:02.0:   bridge window [mem 0x93a00000-0x93afffff]
Aug 03 22:04:46 localhost kernel: pci 0000:00:02.1: PCI bridge to [bus 06]
Aug 03 22:04:46 localhost kernel: pci 0000:00:02.2: PCI bridge to [bus 07]
Aug 03 22:04:46 localhost kernel: pci 0000:00:02.3: PCI bridge to [bus 08]
Aug 03 22:04:46 localhost kernel: pci 0000:00:03.0: PCI bridge to [bus 0b]
Aug 03 22:04:46 localhost kernel: pci 0000:00:03.1: PCI bridge to [bus 0c]
Aug 03 22:04:46 localhost kernel: pci 0000:00:03.2: PCI bridge to [bus 0d]
Aug 03 22:04:46 localhost kernel: pci 0000:00:03.2:   bridge window [mem 0x93900000-0x939fffff]
Aug 03 22:04:46 localhost kernel: pci 0000:00:03.3: PCI bridge to [bus 10]
Aug 03 22:04:46 localhost kernel: pci 0000:00:1c.0: PCI bridge to [bus 02]
Aug 03 22:04:46 localhost kernel: pci 0000:00:1c.4: PCI bridge to [bus 03]
Aug 03 22:04:46 localhost kernel: pci 0000:00:1c.6: PCI bridge to [bus 04]
Aug 03 22:04:46 localhost kernel: pci 0000:01:00.2: BAR 6: assigned [mem 0x90000000-0x9000ffff pref]
Aug 03 22:04:46 localhost kernel: pci 0000:00:1c.7: PCI bridge to [bus 01]
Aug 03 22:04:46 localhost kernel: pci 0000:00:1c.7:   bridge window [io  0x1000-0x1fff]
Aug 03 22:04:46 localhost kernel: pci 0000:00:1c.7:   bridge window [mem 0x90000000-0x92afffff]
Aug 03 22:04:46 localhost kernel: pci_bus 0000:00: resource 4 [mem 0x000c4000-0x000cbfff window]
Aug 03 22:04:46 localhost kernel: pci_bus 0000:00: resource 5 [io  0x0000-0x03af window]
Aug 03 22:04:46 localhost kernel: pci_bus 0000:00: resource 6 [io  0x03e0-0x0cf7 window]
Aug 03 22:04:46 localhost kernel: pci_bus 0000:00: resource 7 [io  0x03b0-0x03bb window]
Aug 03 22:04:46 localhost kernel: pci_bus 0000:00: resource 8 [io  0x03c0-0x03df window]
Aug 03 22:04:46 localhost kernel: pci_bus 0000:00: resource 9 [mem 0x000a0000-0x000bffff window]
Aug 03 22:04:46 localhost kernel: pci_bus 0000:00: resource 10 [io  0x1000-0xffff window]
Aug 03 22:04:46 localhost kernel: pci_bus 0000:00: resource 11 [mem 0x90000000-0xfbffbfff window]
Aug 03 22:04:46 localhost kernel: pci_bus 0000:00: resource 12 [mem 0x38000000000-0x39fffffffff window]
Aug 03 22:04:46 localhost kernel: pci_bus 0000:09: resource 1 [mem 0x93000000-0x938fffff]
Aug 03 22:04:46 localhost kernel: pci_bus 0000:09: resource 2 [mem 0x39ff7800000-0x39fff7fffff 64bit pref]
Aug 03 22:04:46 localhost kernel: pci_bus 0000:05: resource 1 [mem 0x93a00000-0x93afffff]
Aug 03 22:04:46 localhost kernel: pci_bus 0000:0d: resource 1 [mem 0x93900000-0x939fffff]
Aug 03 22:04:46 localhost kernel: pci_bus 0000:01: resource 0 [io  0x1000-0x1fff]
Aug 03 22:04:46 localhost kernel: pci_bus 0000:01: resource 1 [mem 0x90000000-0x92afffff]
Aug 03 22:04:46 localhost kernel: NET: Registered protocol family 2
Aug 03 22:04:46 localhost kernel: TCP established hash table entries: 524288 (order: 10, 4194304 bytes)
Aug 03 22:04:46 localhost kernel: TCP bind hash table entries: 65536 (order: 8, 1048576 bytes)
Aug 03 22:04:46 localhost kernel: TCP: Hash tables configured (established 524288 bind 65536)
Aug 03 22:04:46 localhost kernel: UDP hash table entries: 32768 (order: 8, 1048576 bytes)
Aug 03 22:04:46 localhost kernel: UDP-Lite hash table entries: 32768 (order: 8, 1048576 bytes)
Aug 03 22:04:46 localhost kernel: NET: Registered protocol family 1
Aug 03 22:04:46 localhost kernel: pci 0000:01:00.1: Video device with shadowed ROM
Aug 03 22:04:46 localhost kernel: pci 0000:00:1c.7: can't derive routing for PCI INT D
Aug 03 22:04:46 localhost kernel: pci 0000:00:1c.7: PCI INT D: no GSI
Aug 03 22:04:46 localhost kernel: PCI: CLS 64 bytes, default 64
Aug 03 22:04:46 localhost kernel: Unpacking initramfs...
Aug 03 22:04:46 localhost kernel: Freeing initrd memory: 34868K
Aug 03 22:04:46 localhost kernel: PCI-DMA: Using software bounce buffering for IO (SWIOTLB)
Aug 03 22:04:46 localhost kernel: software IO TLB [mem 0x673a1000-0x6b3a1000] (64MB) mapped at [ffff8800673a1000-ffff88006b3a0fff]
Aug 03 22:04:46 localhost kernel: Intel CQM monitoring enabled
Aug 03 22:04:46 localhost kernel: Intel MBM enabled
Aug 03 22:04:46 localhost kernel: Scanning for low memory corruption every 60 seconds
Aug 03 22:04:46 localhost kernel: audit: initializing netlink subsys (disabled)
Aug 03 22:04:46 localhost kernel: audit: type=2000 audit(1533355465.636:1): initialized
Aug 03 22:04:46 localhost kernel: Initialise system trusted keyring
Aug 03 22:04:46 localhost kernel: HugeTLB registered 1 GB page size, pre-allocated 0 pages
Aug 03 22:04:46 localhost kernel: HugeTLB registered 2 MB page size, pre-allocated 0 pages
Aug 03 22:04:46 localhost kernel: zbud: loaded
Aug 03 22:04:46 localhost kernel: VFS: Disk quotas dquot_6.6.0
Aug 03 22:04:46 localhost kernel: VFS: Dquot-cache hash table entries: 512 (order 0, 4096 bytes)
Aug 03 22:04:46 localhost kernel: squashfs: version 4.0 (2009/01/31) Phillip Lougher
Aug 03 22:04:46 localhost kernel: fuse init (API version 7.23)
Aug 03 22:04:46 localhost kernel: Key type big_key registered
Aug 03 22:04:46 localhost kernel: Allocating IMA MOK and blacklist keyrings.
Aug 03 22:04:46 localhost kernel: Key type asymmetric registered
Aug 03 22:04:46 localhost kernel: Asymmetric key parser 'x509' registered
Aug 03 22:04:46 localhost kernel: Block layer SCSI generic (bsg) driver version 0.4 loaded (major 249)
Aug 03 22:04:46 localhost kernel: io scheduler noop registered
Aug 03 22:04:46 localhost kernel: io scheduler deadline registered (default)
Aug 03 22:04:46 localhost kernel: io scheduler cfq registered
Aug 03 22:04:46 localhost kernel: pcieport 0000:00:1c.0: can't derive routing for PCI INT A
Aug 03 22:04:46 localhost kernel: pcieport 0000:00:1c.0: PCI INT A: no GSI
Aug 03 22:04:46 localhost kernel: pcieport 0000:00:1c.4: can't derive routing for PCI INT A
Aug 03 22:04:46 localhost kernel: pcieport 0000:00:1c.4: PCI INT A: no GSI
Aug 03 22:04:46 localhost kernel: pcieport 0000:00:1c.6: can't derive routing for PCI INT C
Aug 03 22:04:46 localhost kernel: pcieport 0000:00:1c.6: PCI INT C: no GSI
Aug 03 22:04:46 localhost kernel: pcieport 0000:00:01.0: Signaling PME through PCIe PME interrupt
Aug 03 22:04:46 localhost kernel: pci 0000:09:00.0: Signaling PME through PCIe PME interrupt
Aug 03 22:04:46 localhost kernel: pcie_pme 0000:00:01.0:pcie01: service driver pcie_pme loaded
Aug 03 22:04:46 localhost kernel: pcieport 0000:00:01.1: Signaling PME through PCIe PME interrupt
Aug 03 22:04:46 localhost kernel: pcie_pme 0000:00:01.1:pcie01: service driver pcie_pme loaded
Aug 03 22:04:46 localhost kernel: pcieport 0000:00:02.0: Signaling PME through PCIe PME interrupt
Aug 03 22:04:46 localhost kernel: pci 0000:05:00.0: Signaling PME through PCIe PME interrupt
Aug 03 22:04:46 localhost kernel: pci 0000:05:00.1: Signaling PME through PCIe PME interrupt
Aug 03 22:04:46 localhost kernel: pci 0000:05:00.2: Signaling PME through PCIe PME interrupt
Aug 03 22:04:46 localhost kernel: pci 0000:05:00.3: Signaling PME through PCIe PME interrupt
Aug 03 22:04:46 localhost kernel: pcie_pme 0000:00:02.0:pcie01: service driver pcie_pme loaded
Aug 03 22:04:46 localhost kernel: pcieport 0000:00:02.1: Signaling PME through PCIe PME interrupt
Aug 03 22:04:46 localhost kernel: pcie_pme 0000:00:02.1:pcie01: service driver pcie_pme loaded
Aug 03 22:04:46 localhost kernel: pcieport 0000:00:02.2: Signaling PME through PCIe PME interrupt
Aug 03 22:04:46 localhost kernel: pcie_pme 0000:00:02.2:pcie01: service driver pcie_pme loaded
Aug 03 22:04:46 localhost kernel: pcieport 0000:00:02.3: Signaling PME through PCIe PME interrupt
Aug 03 22:04:46 localhost kernel: pcie_pme 0000:00:02.3:pcie01: service driver pcie_pme loaded
Aug 03 22:04:46 localhost kernel: pcieport 0000:00:03.0: Signaling PME through PCIe PME interrupt
Aug 03 22:04:46 localhost kernel: pcie_pme 0000:00:03.0:pcie01: service driver pcie_pme loaded
Aug 03 22:04:46 localhost kernel: pcieport 0000:00:03.1: Signaling PME through PCIe PME interrupt
Aug 03 22:04:46 localhost kernel: pcie_pme 0000:00:03.1:pcie01: service driver pcie_pme loaded
Aug 03 22:04:46 localhost kernel: pcieport 0000:00:03.2: Signaling PME through PCIe PME interrupt
Aug 03 22:04:46 localhost kernel: pci 0000:0d:00.0: Signaling PME through PCIe PME interrupt
Aug 03 22:04:46 localhost kernel: pcie_pme 0000:00:03.2:pcie01: service driver pcie_pme loaded
Aug 03 22:04:46 localhost kernel: pcieport 0000:00:03.3: Signaling PME through PCIe PME interrupt
Aug 03 22:04:46 localhost kernel: pcie_pme 0000:00:03.3:pcie01: service driver pcie_pme loaded
Aug 03 22:04:46 localhost kernel: pcieport 0000:00:1c.0: Signaling PME through PCIe PME interrupt
Aug 03 22:04:46 localhost kernel: pcie_pme 0000:00:1c.0:pcie01: service driver pcie_pme loaded
Aug 03 22:04:46 localhost kernel: pcieport 0000:00:1c.4: Signaling PME through PCIe PME interrupt
Aug 03 22:04:46 localhost kernel: pcie_pme 0000:00:1c.4:pcie01: service driver pcie_pme loaded
Aug 03 22:04:46 localhost kernel: pcieport 0000:00:1c.6: Signaling PME through PCIe PME interrupt
Aug 03 22:04:46 localhost kernel: pcie_pme 0000:00:1c.6:pcie01: service driver pcie_pme loaded
Aug 03 22:04:46 localhost kernel: pcieport 0000:00:1c.7: Signaling PME through PCIe PME interrupt
Aug 03 22:04:46 localhost kernel: pci 0000:01:00.0: Signaling PME through PCIe PME interrupt
Aug 03 22:04:46 localhost kernel: pci 0000:01:00.1: Signaling PME through PCIe PME interrupt
Aug 03 22:04:46 localhost kernel: pci 0000:01:00.2: Signaling PME through PCIe PME interrupt
Aug 03 22:04:46 localhost kernel: pci 0000:01:00.4: Signaling PME through PCIe PME interrupt
Aug 03 22:04:46 localhost kernel: pcie_pme 0000:00:1c.7:pcie01: service driver pcie_pme loaded
Aug 03 22:04:46 localhost kernel: pci_hotplug: PCI Hot Plug PCI Core version: 0.5
Aug 03 22:04:46 localhost kernel: pciehp: PCI Express Hot Plug Controller Driver version: 0.4
Aug 03 22:04:46 localhost kernel: efifb: probing for efifb
Aug 03 22:04:46 localhost kernel: efifb: framebuffer at 0x91000000, mapped to 0xffffc90006c00000, using 3072k, total 3072k
Aug 03 22:04:46 localhost kernel: efifb: mode is 1024x768x32, linelength=4096, pages=1
Aug 03 22:04:46 localhost kernel: efifb: scrolling: redraw
Aug 03 22:04:46 localhost kernel: efifb: Truecolor: size=8:8:8:8, shift=24:16:8:0
Aug 03 22:04:46 localhost kernel: Console: switching to colour frame buffer device 128x48
Aug 03 22:04:46 localhost kernel: fb0: EFI VGA frame buffer device
Aug 03 22:04:46 localhost kernel: intel_idle: MWAIT substates: 0x2120
Aug 03 22:04:46 localhost kernel: intel_idle: v0.4.1 model 0x56
Aug 03 22:04:46 localhost kernel: intel_idle: lapic_timer_reliable_states 0xffffffff
Aug 03 22:04:46 localhost kernel: input: Power Button as /devices/LNXSYSTM:00/LNXPWRBN:00/input/input0
Aug 03 22:04:46 localhost kernel: ACPI: Power Button [PWRF]
Aug 03 22:04:46 localhost kernel: ERST: Error Record Serialization Table (ERST) support is initialized.
Aug 03 22:04:46 localhost kernel: pstore: Registered erst as persistent store backend
Aug 03 22:04:46 localhost kernel: GHES: APEI firmware first mode is enabled by APEI bit and WHEA _OSC.
Aug 03 22:04:46 localhost kernel: Serial: 8250/16550 driver, 32 ports, IRQ sharing enabled
Aug 03 22:04:46 localhost kernel: 00:02: ttyS0 at I/O 0x3f8 (irq = 4, base_baud = 115200) is a 16550A
Aug 03 22:04:46 localhost kernel: Linux agpgart interface v0.103
Aug 03 22:04:46 localhost kernel: loop: module loaded
Aug 03 22:04:46 localhost kernel: libphy: Fixed MDIO Bus: probed
Aug 03 22:04:46 localhost kernel: tun: Universal TUN/TAP device driver, 1.6
Aug 03 22:04:46 localhost kernel: tun: (C) 1999-2004 Max Krasnyansky <maxk@qualcomm.com>
Aug 03 22:04:46 localhost kernel: PPP generic driver version 2.4.2
Aug 03 22:04:46 localhost kernel: ehci_hcd: USB 2.0 'Enhanced' Host Controller (EHCI) Driver
Aug 03 22:04:46 localhost kernel: ehci-pci: EHCI PCI platform driver
Aug 03 22:04:46 localhost kernel: ehci-pci 0000:00:1d.0: EHCI Host Controller
Aug 03 22:04:46 localhost kernel: ehci-pci 0000:00:1d.0: new USB bus registered, assigned bus number 1
Aug 03 22:04:46 localhost kernel: ehci-pci 0000:00:1d.0: debug port 2
Aug 03 22:04:46 localhost kernel: ehci-pci 0000:00:1d.0: cache line size of 64 is not supported
Aug 03 22:04:46 localhost kernel: ehci-pci 0000:00:1d.0: irq 18, io mem 0x93b00000
Aug 03 22:04:46 localhost kernel: ehci-pci 0000:00:1d.0: USB 2.0 started, EHCI 1.00
Aug 03 22:04:46 localhost kernel: usb usb1: New USB device found, idVendor=1d6b, idProduct=0002
Aug 03 22:04:46 localhost kernel: usb usb1: New USB device strings: Mfr=3, Product=2, SerialNumber=1
Aug 03 22:04:46 localhost kernel: usb usb1: Product: EHCI Host Controller
Aug 03 22:04:46 localhost kernel: usb usb1: Manufacturer: Linux 4.4.0-116-generic ehci_hcd
Aug 03 22:04:46 localhost kernel: usb usb1: SerialNumber: 0000:00:1d.0
Aug 03 22:04:46 localhost kernel: hub 1-0:1.0: USB hub found
Aug 03 22:04:46 localhost kernel: hub 1-0:1.0: 2 ports detected
Aug 03 22:04:46 localhost kernel: ehci-platform: EHCI generic platform driver
Aug 03 22:04:46 localhost kernel: ohci_hcd: USB 1.1 'Open' Host Controller (OHCI) Driver
Aug 03 22:04:46 localhost kernel: ohci-pci: OHCI PCI platform driver
Aug 03 22:04:46 localhost kernel: ohci-platform: OHCI generic platform driver
Aug 03 22:04:46 localhost kernel: uhci_hcd: USB Universal Host Controller Interface driver
Aug 03 22:04:46 localhost kernel: uhci_hcd 0000:01:00.4: UHCI Host Controller
Aug 03 22:04:46 localhost kernel: uhci_hcd 0000:01:00.4: new USB bus registered, assigned bus number 2
Aug 03 22:04:46 localhost kernel: uhci_hcd 0000:01:00.4: detected 8 ports
Aug 03 22:04:46 localhost kernel: uhci_hcd 0000:01:00.4: port count misdetected? forcing to 2 ports
Aug 03 22:04:46 localhost kernel: uhci_hcd 0000:01:00.4: irq 16, io base 0x00001300
Aug 03 22:04:46 localhost kernel: usb usb2: New USB device found, idVendor=1d6b, idProduct=0001
Aug 03 22:04:46 localhost kernel: usb usb2: New USB device strings: Mfr=3, Product=2, SerialNumber=1
Aug 03 22:04:46 localhost kernel: tsc: Refined TSC clocksource calibration: 1995.379 MHz
Aug 03 22:04:46 localhost kernel: clocksource: tsc: mask: 0xffffffffffffffff max_cycles: 0x398642b8c65, max_idle_ns: 881590773603 ns
Aug 03 22:04:46 localhost kernel: usb usb2: Product: UHCI Host Controller
Aug 03 22:04:46 localhost kernel: usb usb2: Manufacturer: Linux 4.4.0-116-generic uhci_hcd
Aug 03 22:04:46 localhost kernel: usb usb2: SerialNumber: 0000:01:00.4
Aug 03 22:04:46 localhost kernel: hub 2-0:1.0: USB hub found
Aug 03 22:04:46 localhost kernel: hub 2-0:1.0: 2 ports detected
Aug 03 22:04:46 localhost kernel: i8042: PNP: No PS/2 controller found. Probing ports directly.
Aug 03 22:04:46 localhost kernel: usb 1-1: new high-speed USB device number 2 using ehci-pci
Aug 03 22:04:46 localhost kernel: usb 1-1: New USB device found, idVendor=8087, idProduct=8000
Aug 03 22:04:46 localhost kernel: usb 1-1: New USB device strings: Mfr=0, Product=0, SerialNumber=0
Aug 03 22:04:46 localhost kernel: hub 1-1:1.0: USB hub found
Aug 03 22:04:46 localhost kernel: hub 1-1:1.0: 4 ports detected
Aug 03 22:04:46 localhost kernel: usb 1-1.4: new high-speed USB device number 3 using ehci-pci
Aug 03 22:04:46 localhost kernel: i8042: Can't read CTR while initializing i8042
Aug 03 22:04:46 localhost kernel: i8042: probe of i8042 failed with error -5
Aug 03 22:04:46 localhost kernel: mousedev: PS/2 mouse device common for all mice
Aug 03 22:04:46 localhost kernel: rtc_cmos 00:00: RTC can wake from S4
Aug 03 22:04:46 localhost kernel: rtc_cmos 00:00: rtc core: registered rtc_cmos as rtc0
Aug 03 22:04:46 localhost kernel: rtc_cmos 00:00: alarms up to one month, y3k, 114 bytes nvram, hpet irqs
Aug 03 22:04:46 localhost kernel: i2c /dev entries driver
Aug 03 22:04:46 localhost kernel: device-mapper: uevent: version 1.0.3
Aug 03 22:04:46 localhost kernel: device-mapper: ioctl: 4.34.0-ioctl (2015-10-28) initialised: dm-devel@redhat.com
Aug 03 22:04:46 localhost kernel: ledtrig-cpu: registered to indicate activity on CPUs
Aug 03 22:04:46 localhost kernel: EFI Variables Facility v0.08 2004-May-17
Aug 03 22:04:46 localhost kernel: NET: Registered protocol family 10
Aug 03 22:04:46 localhost kernel: NET: Registered protocol family 17
Aug 03 22:04:46 localhost kernel: Key type dns_resolver registered
Aug 03 22:04:46 localhost kernel: microcode: CPU0 sig=0x50663, pf=0x10, revision=0x700000b
Aug 03 22:04:46 localhost kernel: microcode: CPU1 sig=0x50663, pf=0x10, revision=0x700000b
Aug 03 22:04:46 localhost kernel: microcode: CPU2 sig=0x50663, pf=0x10, revision=0x700000b
Aug 03 22:04:46 localhost kernel: microcode: CPU3 sig=0x50663, pf=0x10, revision=0x700000b
Aug 03 22:04:46 localhost kernel: microcode: CPU4 sig=0x50663, pf=0x10, revision=0x700000b
Aug 03 22:04:46 localhost kernel: microcode: CPU5 sig=0x50663, pf=0x10, revision=0x700000b
Aug 03 22:04:46 localhost kernel: microcode: CPU6 sig=0x50663, pf=0x10, revision=0x700000b
Aug 03 22:04:46 localhost kernel: microcode: CPU7 sig=0x50663, pf=0x10, revision=0x700000b
Aug 03 22:04:46 localhost kernel: microcode: CPU8 sig=0x50663, pf=0x10, revision=0x700000b
Aug 03 22:04:46 localhost kernel: microcode: CPU9 sig=0x50663, pf=0x10, revision=0x700000b
Aug 03 22:04:46 localhost kernel: microcode: CPU10 sig=0x50663, pf=0x10, revision=0x700000b
Aug 03 22:04:46 localhost kernel: microcode: CPU11 sig=0x50663, pf=0x10, revision=0x700000b
Aug 03 22:04:46 localhost kernel: microcode: CPU12 sig=0x50663, pf=0x10, revision=0x700000b
Aug 03 22:04:46 localhost kernel: microcode: CPU13 sig=0x50663, pf=0x10, revision=0x700000b
Aug 03 22:04:46 localhost kernel: microcode: CPU14 sig=0x50663, pf=0x10, revision=0x700000b
Aug 03 22:04:46 localhost kernel: microcode: CPU15 sig=0x50663, pf=0x10, revision=0x700000b
Aug 03 22:04:46 localhost kernel: usb 1-1.4: New USB device found, idVendor=0424, idProduct=2660
Aug 03 22:04:46 localhost kernel: usb 1-1.4: New USB device strings: Mfr=0, Product=0, SerialNumber=0
Aug 03 22:04:46 localhost kernel: hub 1-1.4:1.0: USB hub found
Aug 03 22:04:46 localhost kernel: hub 1-1.4:1.0: 2 ports detected
Aug 03 22:04:46 localhost kernel: microcode: Microcode Update Driver: v2.01 <tigran@aivazian.fsnet.co.uk>, Peter Oruba
Aug 03 22:04:46 localhost kernel: registered taskstats version 1
Aug 03 22:04:46 localhost kernel: Loading compiled-in X.509 certificates
Aug 03 22:04:46 localhost kernel: Loaded X.509 cert 'Build time autogenerated kernel key: aa84f01984fbd529c105810b59e379d349698248'
Aug 03 22:04:46 localhost kernel: zswap: loaded using pool lzo/zbud
Aug 03 22:04:46 localhost kernel: Key type trusted registered
Aug 03 22:04:46 localhost kernel: Key type encrypted registered
Aug 03 22:04:46 localhost kernel: AppArmor: AppArmor sha1 policy hashing enabled
Aug 03 22:04:46 localhost kernel: ima: No TPM chip found, activating TPM-bypass!
Aug 03 22:04:46 localhost kernel: evm: HMAC attrs: 0x1
Aug 03 22:04:46 localhost kernel:   Magic number: 14:246:59
Aug 03 22:04:46 localhost kernel: rtc_cmos 00:00: setting system clock to 2018-08-04 04:04:31 UTC (1533355471)
Aug 03 22:04:46 localhost kernel: pcc-cpufreq: (v1.10.00) driver loaded with frequency limits: 800 MHz, 2000 MHz
Aug 03 22:04:46 localhost kernel: BIOS EDD facility v0.16 2004-Jun-25, 0 devices found
Aug 03 22:04:46 localhost kernel: EDD information not available.
Aug 03 22:04:46 localhost kernel: PM: Hibernation image not present or could not be loaded.
Aug 03 22:04:46 localhost kernel: Freeing unused kernel memory: 1508K
Aug 03 22:04:46 localhost kernel: Write protecting the kernel read-only data: 14336k
Aug 03 22:04:46 localhost kernel: Freeing unused kernel memory: 1700K
Aug 03 22:04:46 localhost kernel: Freeing unused kernel memory: 104K
Aug 03 22:04:46 localhost kernel: clocksource: Switched to clocksource tsc
Aug 03 22:04:46 localhost kernel: random: systemd-udevd: uninitialized urandom read (16 bytes read, 7 bits of entropy available)
Aug 03 22:04:46 localhost kernel: random: udevadm: uninitialized urandom read (16 bytes read, 7 bits of entropy available)
Aug 03 22:04:46 localhost kernel: random: udevadm: uninitialized urandom read (16 bytes read, 7 bits of entropy available)
Aug 03 22:04:46 localhost kernel: random: udevadm: uninitialized urandom read (16 bytes read, 7 bits of entropy available)
Aug 03 22:04:46 localhost kernel: random: udevadm: uninitialized urandom read (16 bytes read, 7 bits of entropy available)
Aug 03 22:04:46 localhost kernel: random: udevadm: uninitialized urandom read (16 bytes read, 7 bits of entropy available)
Aug 03 22:04:46 localhost kernel: random: udevadm: uninitialized urandom read (16 bytes read, 7 bits of entropy available)
Aug 03 22:04:46 localhost kernel: random: udevadm: uninitialized urandom read (16 bytes read, 7 bits of entropy available)
Aug 03 22:04:46 localhost kernel: random: udevadm: uninitialized urandom read (16 bytes read, 7 bits of entropy available)
Aug 03 22:04:46 localhost kernel: random: udevadm: uninitialized urandom read (16 bytes read, 7 bits of entropy available)
Aug 03 22:04:46 localhost kernel: FUJITSU Extended Socket Network Device Driver - version 1.0 - Copyright (c) 2015 FUJITSU LIMITED
Aug 03 22:04:46 localhost kernel: mlx_compat: module verification failed: signature and/or required key missing - tainting kernel
Aug 03 22:04:46 localhost kernel: Compat-mlnx-ofed backport release: 75959ea
Aug 03 22:04:46 localhost kernel: Backport based on mlnx_ofed/mlnx-ofa_kernel-4.0.git 75959ea
Aug 03 22:04:46 localhost kernel: compat.git: mlnx_ofed/mlnx-ofa_kernel-4.0.git
Aug 03 22:04:46 localhost kernel: wmi: Mapper loaded
Aug 03 22:04:46 localhost kernel: mlx4_core: Mellanox ConnectX core driver v4.2-1.0.1
Aug 03 22:04:46 localhost kernel: mlx4_core: Initializing 0000:09:00.0
Aug 03 22:04:46 localhost kernel:  nvme0n1: p1 p2 p3 p4
Aug 03 22:04:46 localhost kernel: mlx4_core: device is working in RoCE mode: Roce V1
Aug 03 22:04:46 localhost kernel: mlx4_core: UD QP Gid type is: V1
Aug 03 22:04:46 localhost kernel: mlx4_core 0000:09:00.0: DMFS high rate steer mode is: default performance
Aug 03 22:04:46 localhost kernel: mlx4_core 0000:09:00.0: PCIe link speed is 8.0GT/s, device supports 8.0GT/s
Aug 03 22:04:46 localhost kernel: mlx4_core 0000:09:00.0: PCIe link width is x8, device supports x8
Aug 03 22:04:46 localhost kernel: pps_core: LinuxPPS API ver. 1 registered
Aug 03 22:04:46 localhost kernel: pps_core: Software ver. 5.3.6 - Copyright 2005-2007 Rodolfo Giometti <giometti@linux.it>
Aug 03 22:04:46 localhost kernel: PTP clock support registered
Aug 03 22:04:46 localhost kernel: mlx4_en: Mellanox ConnectX HCA Ethernet driver v4.2-1.0.1
Aug 03 22:04:46 localhost kernel: mlx4_en 0000:09:00.0: Activating port:1
Aug 03 22:04:46 localhost kernel: mlx4_en: 0000:09:00.0: Port 1: Using 16 TX rings
Aug 03 22:04:46 localhost kernel: mlx4_en: 0000:09:00.0: Port 1: Using 16 RX rings
Aug 03 22:04:46 localhost kernel: mlx4_en: 0000:09:00.0: Port 1: Initializing port
Aug 03 22:04:46 localhost kernel: mlx4_en 0000:09:00.0: registered PHC clock
Aug 03 22:04:46 localhost kernel: mlx4_en 0000:09:00.0: Activating port:2
Aug 03 22:04:46 localhost kernel: mlx4_en: 0000:09:00.0: Port 2: Using 16 TX rings
Aug 03 22:04:46 localhost kernel: mlx4_en: 0000:09:00.0: Port 2: Using 16 RX rings
Aug 03 22:04:46 localhost kernel: mlx4_en: 0000:09:00.0: Port 2: Initializing port
Aug 03 22:04:46 localhost kernel: mlx4_core 0000:09:00.0 eno1d1: renamed from eth1
Aug 03 22:04:46 localhost kernel: mlx4_core 0000:09:00.0 eno1: renamed from eth0
Aug 03 22:04:46 localhost kernel: mlx4_en: eno1d1: Link Up
Aug 03 22:04:46 localhost kernel: EXT4-fs (nvme0n1p1): mounting ext3 file system using the ext4 subsystem
Aug 03 22:04:46 localhost kernel: EXT4-fs (nvme0n1p1): mounted filesystem with ordered data mode. Opts: (null)
Aug 03 22:04:46 localhost systemd[1]: systemd 229 running in system mode. (+PAM +AUDIT +SELINUX +IMA +APPARMOR +SMACK +SYSVINIT +UTMP +LIBCRYPTSETUP +GCRYPT +GNUTLS +ACL +XZ -LZ4 +SECCOMP +BLKID +ELFUTILS +KMOD -IDN)
Aug 03 22:04:46 localhost systemd[1]: Detected architecture x86-64.
Aug 03 22:04:46 localhost systemd[1]: No hostname configured.
Aug 03 22:04:46 localhost systemd[1]: Set hostname to <localhost>.
Aug 03 22:04:46 localhost systemd-sysv-generator[293]: Configuration file /etc/systemd/system/pubsubd.service is marked executable. Please remove executable permission bits. Proceeding anyway.
Aug 03 22:04:46 localhost systemd-fstab-generator[292]: Finished mkswap default Emulab swap partition /dev/nvme0n1p3 (new uuid 850473c9-3e6d-471f-a3fd-c7355d70f3c4)!
Aug 03 22:04:46 localhost systemd-fstab-generator[292]: Created/mkswap default Emulab swap partition /dev/nvme0n1p3 (850473c9-3e6d-471f-a3fd-c7355d70f3c4)
Aug 03 22:04:46 localhost systemd[1]: Configuration file /etc/systemd/system/pubsubd.service is marked executable. Please remove executable permission bits. Proceeding anyway.
Aug 03 22:04:46 localhost systemd[1]: Listening on /dev/initctl Compatibility Named Pipe.
Aug 03 22:04:46 localhost systemd[1]: Listening on Device-mapper event daemon FIFOs.
Aug 03 22:04:46 localhost systemd[1]: Reached target User and Group Name Lookups.
Aug 03 22:04:46 localhost systemd[1]: Listening on LVM2 metadata daemon socket.
Aug 03 22:04:46 localhost systemd[1]: Listening on LVM2 poll daemon socket.
Aug 03 22:04:46 localhost systemd[1]: Started Forward Password Requests to Wall Directory Watch.
Aug 03 22:04:46 localhost systemd[1]: Listening on Syslog Socket.
Aug 03 22:04:46 localhost systemd[1]: Listening on Journal Audit Socket.
Aug 03 22:04:46 localhost systemd[1]: Started Dispatch Password Requests to Console Directory Watch.
Aug 03 22:04:46 localhost systemd[1]: Listening on fsck to fsckd communication Socket.
Aug 03 22:04:46 localhost systemd[1]: Created slice User and Session Slice.
Aug 03 22:04:46 localhost systemd[1]: Listening on udev Control Socket.
Aug 03 22:04:46 localhost systemd[1]: Created slice System Slice.
Aug 03 22:04:46 localhost systemd[1]: Reached target Slices.
Aug 03 22:04:46 localhost systemd[1]: Reached target Paths.
Aug 03 22:04:46 localhost systemd[1]: Started Trigger resolvconf update for networkd DNS.
Aug 03 22:04:46 localhost systemd[1]: Listening on Journal Socket (/dev/log).
Aug 03 22:04:46 localhost systemd[1]: Created slice system-serial\x2dgetty.slice.
Aug 03 22:04:46 localhost systemd[1]: Set up automount Arbitrary Executable File Formats File System Automount Point.
Aug 03 22:04:46 localhost systemd[1]: Reached target Encrypted Volumes.
Aug 03 22:04:46 localhost systemd[1]: Listening on udev Kernel Socket.
Aug 03 22:04:46 localhost systemd[1]: Listening on Journal Socket.
Aug 03 22:04:46 localhost systemd[1]: Starting Journal Service...
Aug 03 22:04:46 localhost systemd[1]: Starting Load Kernel Modules...
Aug 03 22:04:46 localhost kernel: Loading iSCSI transport class v2.0-870.
Aug 03 22:04:46 localhost systemd-journald[354]: Journal started
Aug 03 22:04:46 localhost systemd[1]: Starting Set console keymap...
Aug 03 22:04:46 localhost systemd-modules-load[357]: Inserted module 'iscsi_tcp'
Aug 03 22:04:46 localhost kernel: iscsi: registered transport (tcp)
Aug 03 22:04:46 localhost systemd[1]: Started Read required files in advance.
Aug 03 22:04:46 localhost loadkeys[360]: Loading /etc/console-setup/cached.kmap.gz
Aug 03 22:04:46 localhost systemd[1]: Mounting Debug File System...
Aug 03 22:04:46 localhost systemd[1]: Mounting Huge Pages File System...
Aug 03 22:04:46 localhost systemd-modules-load[357]: Inserted module 'ib_iser'
Aug 03 22:04:46 localhost kernel: iscsi: registered transport (iser)
Aug 03 22:04:46 localhost systemd[1]: Starting Monitoring of LVM2 mirrors, snapshots etc. using dmeventd or progress polling...
Aug 03 22:04:46 localhost ureadahead[364]: ureadahead:/var/emulab/logs/dhclient.log: No such file or directory
Aug 03 22:04:46 localhost systemd[1]: Mounting POSIX Message Queue File System...
Aug 03 22:04:46 localhost systemd[1]: Mounting RPC Pipe File System...
Aug 03 22:04:46 localhost kernel: random: nonblocking pool is initialized
Aug 03 22:04:46 localhost systemd[1]: Starting Create list of required static device nodes for the current kernel...
Aug 03 22:04:46 localhost ureadahead[364]: ureadahead:/var/lib/dhcp/dhclient.leases: No such file or directory
Aug 03 22:04:46 localhost kernel: RPC: Registered named UNIX socket transport module.
Aug 03 22:04:46 localhost kernel: RPC: Registered udp transport module.
Aug 03 22:04:46 localhost kernel: RPC: Registered tcp transport module.
Aug 03 22:04:46 localhost systemd[1]: Mounted Debug File System.
Aug 03 22:04:46 localhost kernel: RPC: Registered tcp NFSv4.1 backchannel transport module.
Aug 03 22:04:46 localhost systemd[1]: Mounted POSIX Message Queue File System.
Aug 03 22:04:46 localhost ureadahead[364]: ureadahead:/var/emulab/logs/dhclient-enter.log: No such file or directory
Aug 03 22:04:46 localhost ureadahead[364]: ureadahead:/var/emulab/logs/dhclient-exit.log: No such file or directory
Aug 03 22:04:46 localhost ureadahead[364]: ureadahead:/var/emulab/boot/bossip: No such file or directory
Aug 03 22:04:46 localhost ureadahead[364]: ureadahead:/var/emulab/boot/realname: No such file or directory
Aug 03 22:04:46 localhost ureadahead[364]: ureadahead:/var/emulab/boot/routerip: No such file or directory
Aug 03 22:04:46 localhost ureadahead[364]: ureadahead:/var/emulab/boot/myip: No such file or directory
Aug 03 22:04:46 localhost ureadahead[364]: ureadahead:/var/emulab/boot/mynetmask: No such file or directory
Aug 03 22:04:46 localhost ureadahead[364]: ureadahead:/var/emulab/boot/mydomain: No such file or directory
Aug 03 22:04:46 localhost ureadahead[364]: ureadahead:/var/emulab/boot/controlif: No such file or directory
Aug 03 22:04:46 localhost ureadahead[364]: ureadahead:/var/emulab/boot/role: No such file or directory
Aug 03 22:04:46 localhost ureadahead[364]: ureadahead:/usr/local/etc/pubsubd.conf: No such file or directory
Aug 03 22:04:46 localhost ureadahead[364]: ureadahead:/usr/local/etc/pubsubd.expr: No such file or directory
Aug 03 22:04:46 localhost ureadahead[364]: ureadahead:/var/emulab/logs/bootsetup.debug: No such file or directory
Aug 03 22:04:46 localhost ureadahead[364]: ureadahead:/var/emulab/boot/nickname: No such file or directory
Aug 03 22:04:46 localhost ureadahead[364]: ureadahead:/var/emulab/boot/tmcc/nodeid: No such file or directory
Aug 03 22:04:46 localhost ureadahead[364]: ureadahead:/var/emulab/boot/tmcc/nodetype: No such file or directory
Aug 03 22:04:46 localhost ureadahead[364]: ureadahead:/var/emulab/boot/tmcc/nodeuuid: No such file or directory
Aug 03 22:04:46 localhost ureadahead[364]: ureadahead:/var/emulab/boot/tmcc/accounts: No such file or directory
Aug 03 22:04:46 localhost ureadahead[364]: ureadahead:/var/emulab/boot/tmcc/storageconfig: No such file or directory
Aug 03 22:04:46 localhost ureadahead[364]: ureadahead:/var/emulab/boot/tmcc/mounts: No such file or directory
Aug 03 22:04:46 localhost ureadahead[364]: ureadahead:/var/emulab/boot/tmcc/routing: No such file or directory
Aug 03 22:04:46 localhost ureadahead[364]: ureadahead:/var/emulab/boot/tmcc/creator: No such file or directory
Aug 03 22:04:46 localhost ureadahead[364]: ureadahead:/var/emulab/boot/tmcc/ipodinfo: No such file or directory
Aug 03 22:04:46 localhost ureadahead[364]: ureadahead:/var/emulab/boot/tmcc/ntpinfo: No such file or directory
Aug 03 22:04:46 localhost ureadahead[364]: ureadahead:/var/emulab/boot/tmcc/sdparams: No such file or directory
Aug 03 22:04:46 localhost ureadahead[364]: ureadahead:/var/emulab/boot/tmcc/syncserver: No such file or directory
Aug 03 22:04:46 localhost ureadahead[364]: ureadahead:/var/emulab/boot/tmcc/keyhash: No such file or directory
Aug 03 22:04:46 localhost ureadahead[364]: ureadahead:/var/emulab/boot/tmcc/eventkey: No such file or directory
Aug 03 22:04:46 localhost ureadahead[364]: ureadahead:/var/emulab/boot/tmcc/routelist: No such file or directory
Aug 03 22:04:46 localhost ureadahead[364]: ureadahead:/var/emulab/boot/tmcc/role: No such file or directory
Aug 03 22:04:46 localhost ureadahead[364]: ureadahead:/var/emulab/boot/tmcc/watchdoginfo: No such file or directory
Aug 03 22:04:46 localhost ureadahead[364]: ureadahead:/var/emulab/boot/tmcc/firewallinfo: No such file or directory
Aug 03 22:04:46 localhost ureadahead[364]: ureadahead:/var/emulab/boot/tmcc/localization: No such file or directory
Aug 03 22:04:46 localhost ureadahead[364]: ureadahead:/var/emulab/boot/nodeuuid: No such file or directory
Aug 03 22:04:46 localhost ureadahead[364]: ureadahead:/var/emulab/boot/nodetype: No such file or directory
Aug 03 22:04:46 localhost ureadahead[364]: ureadahead:/var/emulab/boot/nodeid: No such file or directory
Aug 03 22:04:46 localhost ureadahead[364]: ureadahead:/var/emulab/logs/emulab-watchdog.log: No such file or directory
Aug 03 22:04:46 localhost ureadahead[364]: ureadahead:/etc/passwd-: No such file or directory
Aug 03 22:04:46 localhost ureadahead[364]: ureadahead:/etc/shadow-: No such file or directory
Aug 03 22:04:46 localhost ureadahead[364]: ureadahead:/var/emulab/boot/creator: No such file or directory
Aug 03 22:04:46 localhost ureadahead[364]: ureadahead:/var/emulab/boot/swapper: No such file or directory
Aug 03 22:04:46 localhost ureadahead[364]: ureadahead:/var/emulab/boot/keyhash: No such file or directory
Aug 03 22:04:46 localhost ureadahead[364]: ureadahead:/var/emulab/boot/eventkey: No such file or directory
Aug 03 22:04:46 localhost ureadahead[364]: ureadahead:/var/emulab/db/storage.conf: No such file or directory
Aug 03 22:04:46 localhost ureadahead[364]: ureadahead:/var/emulab/boot/storagemap: No such file or directory
Aug 03 22:04:46 localhost ureadahead[364]: ureadahead:/var/emulab/boot/diskinfo: No such file or directory
Aug 03 22:04:46 localhost ureadahead[364]: ureadahead:/var/emulab/boot/extrafs: No such file or directory
Aug 03 22:04:46 localhost ureadahead[364]: ureadahead:/var/emulab/boot/fileserver: No such file or directory
Aug 03 22:04:46 localhost ureadahead[364]: ureadahead:/var/emulab/db/mountdb.pag: No such file or directory
Aug 03 22:04:46 localhost ureadahead[364]: ureadahead:/var/emulab/boot/topomap: No such file or directory
Aug 03 22:04:46 localhost ureadahead[364]: ureadahead:/var/emulab/boot/ltmap: No such file or directory
Aug 03 22:04:46 localhost ureadahead[364]: ureadahead:/var/emulab/boot/ltpmap: No such file or directory
Aug 03 22:04:46 localhost ureadahead[364]: ureadahead:/var/emulab/db/passdb.pag: No such file or directory
Aug 03 22:04:46 localhost ureadahead[364]: ureadahead:/var/emulab/db/groupdb.pag: No such file or directory
Aug 03 22:04:46 localhost ureadahead[364]: ureadahead:/var/emulab/boot/rc.route: No such file or directory
Aug 03 22:04:46 localhost ureadahead[364]: ureadahead:/var/emulab/boot/syncserver: No such file or directory
Aug 03 22:04:46 localhost ureadahead[364]: ureadahead:/var/emulab/logs/syncserver.debug: No such file or directory
Aug 03 22:04:46 localhost ureadahead[364]: ureadahead:/var/emulab/logs/progwrap.debug: No such file or directory
Aug 03 22:04:46 localhost ureadahead[364]: ureadahead:/var/emulab/boot/progagents: No such file or directory
Aug 03 22:04:46 localhost ureadahead[364]: ureadahead:/var/emulab/logs/progagent.debug: No such file or directory
Aug 03 22:04:46 localhost systemd[1]: Mounted Huge Pages File System.
Aug 03 22:04:46 localhost systemd[1]: Mounted RPC Pipe File System.
Aug 03 22:04:46 localhost systemd[1]: Started Journal Service.
Aug 03 22:04:46 localhost systemd[1]: Started Load Kernel Modules.
Aug 03 22:04:46 localhost systemd[1]: Started Set console keymap.
Aug 03 22:04:46 localhost systemd[1]: Started Create list of required static device nodes for the current kernel.
Aug 03 22:04:46 localhost systemd[1]: Started LVM2 metadata daemon.
Aug 03 22:04:46 localhost systemd[1]: Starting Create Static Device Nodes in /dev...
Aug 03 22:04:46 localhost systemd[1]: Mounting FUSE Control File System...
Aug 03 22:04:46 localhost systemd[1]: Starting Apply Kernel Variables...
Aug 03 22:04:46 localhost systemd[1]: Mounted FUSE Control File System.
Aug 03 22:04:46 localhost systemd[1]: Started Create Static Device Nodes in /dev.
Aug 03 22:04:46 localhost systemd[1]: Started Apply Kernel Variables.
Aug 03 22:04:46 localhost systemd[1]: Starting udev Kernel Device Manager...
Aug 03 22:04:46 localhost systemd[1]: Started udev Kernel Device Manager.
Aug 03 22:04:46 localhost systemd[1]: Starting Remount Root and Kernel File Systems...
Aug 03 22:04:46 localhost kernel: EXT4-fs (nvme0n1p1): re-mounted. Opts: errors=remount-ro
Aug 03 22:04:46 localhost systemd[1]: Started Remount Root and Kernel File Systems.
Aug 03 22:04:46 localhost systemd[1]: Starting Flush Journal to Persistent Storage...
Aug 03 22:04:46 localhost systemd[1]: Starting udev Coldplug all Devices...
Aug 03 22:04:46 localhost systemd[1]: Starting Load/Save Random Seed...
Aug 03 22:04:46 localhost systemd[1]: Started Load/Save Random Seed.
Aug 03 22:04:46 localhost systemd[1]: Started Flush Journal to Persistent Storage.
Aug 03 22:04:46 localhost kernel: power_meter ACPI000D:00: Found ACPI power meter.
Aug 03 22:04:46 localhost kernel: power_meter ACPI000D:00: Ignoring unsafe software power cap!
Aug 03 22:04:46 localhost systemd[1]: Started udev Coldplug all Devices.
Aug 03 22:04:46 localhost kernel: ipmi message handler version 39.2
Aug 03 22:04:46 localhost kernel: ipmi_si IPI0001:00: ipmi_si: probing via ACPI
Aug 03 22:04:46 localhost kernel: ipmi_si IPI0001:00: [io  0x0ca2-0x0ca3] regsize 1 spacing 1 irq 0
Aug 03 22:04:46 localhost kernel: ipmi_si: Adding ACPI-specified kcs state machine
Aug 03 22:04:46 localhost kernel: IPMI System Interface driver.
Aug 03 22:04:46 localhost kernel: ipmi_si: probing via SMBIOS
Aug 03 22:04:46 localhost kernel: ipmi_si: SMBIOS: io 0xca2 regsize 1 spacing 1 irq 0
Aug 03 22:04:46 localhost kernel: ipmi_si: Adding SMBIOS-specified kcs state machine duplicate interface
Aug 03 22:04:46 localhost kernel: ipmi_si: probing via SPMI
Aug 03 22:04:46 localhost kernel: ipmi_si: SPMI: io 0xca3 regsize 1 spacing 1 irq 0
Aug 03 22:04:46 localhost kernel: ipmi_si: Adding SPMI-specified kcs state machine
Aug 03 22:04:46 localhost kernel: ipmi_si: Trying ACPI-specified kcs state machine at i/o address 0xca2, slave address 0x0, irq 0
Aug 03 22:04:46 localhost kernel: shpchp: Standard Hot Plug PCI Controller Driver version: 0.4
Aug 03 22:04:46 localhost kernel: dca service started, version 1.12.1
Aug 03 22:04:46 localhost kernel: ioatdma: Intel(R) QuickData Technology Driver 4.00
Aug 03 22:04:46 localhost kernel: EDAC MC: Ver: 3.0.0
Aug 03 22:04:46 localhost kernel: EDAC sbridge: Seeking for: PCI ID 8086:6fa0
Aug 03 22:04:46 localhost kernel: EDAC sbridge: Seeking for: PCI ID 8086:6fa0
Aug 03 22:04:46 localhost kernel: EDAC sbridge: Seeking for: PCI ID 8086:6ffc
Aug 03 22:04:46 localhost kernel: EDAC sbridge: Seeking for: PCI ID 8086:6ffc
Aug 03 22:04:46 localhost kernel: EDAC sbridge: Seeking for: PCI ID 8086:6ffd
Aug 03 22:04:46 localhost kernel: EDAC sbridge: Seeking for: PCI ID 8086:6ffd
Aug 03 22:04:46 localhost kernel: EDAC sbridge: Seeking for: PCI ID 8086:6f60
Aug 03 22:04:46 localhost kernel: EDAC sbridge: Seeking for: PCI ID 8086:6fa8
Aug 03 22:04:46 localhost kernel: EDAC sbridge: Seeking for: PCI ID 8086:6fa8
Aug 03 22:04:46 localhost kernel: EDAC sbridge: Seeking for: PCI ID 8086:6f71
Aug 03 22:04:46 localhost kernel: EDAC sbridge: Seeking for: PCI ID 8086:6f71
Aug 03 22:04:46 localhost kernel: EDAC sbridge: Seeking for: PCI ID 8086:6faa
Aug 03 22:04:46 localhost kernel: EDAC sbridge: Seeking for: PCI ID 8086:6faa
Aug 03 22:04:46 localhost kernel: EDAC sbridge: Seeking for: PCI ID 8086:6fab
Aug 03 22:04:46 localhost kernel: EDAC sbridge: Seeking for: PCI ID 8086:6fab
Aug 03 22:04:46 localhost kernel: EDAC sbridge: Seeking for: PCI ID 8086:6fac
Aug 03 22:04:46 localhost kernel: EDAC sbridge: Seeking for: PCI ID 8086:6fac
Aug 03 22:04:46 localhost kernel: EDAC sbridge: Seeking for: PCI ID 8086:6fad
Aug 03 22:04:46 localhost kernel: EDAC sbridge: Seeking for: PCI ID 8086:6fad
Aug 03 22:04:46 localhost kernel: EDAC sbridge: Seeking for: PCI ID 8086:6faf
Aug 03 22:04:46 localhost kernel: EDAC sbridge: Seeking for: PCI ID 8086:6faf
Aug 03 22:04:46 localhost kernel: EDAC sbridge: Seeking for: PCI ID 8086:6f68
Aug 03 22:04:46 localhost kernel: EDAC sbridge: Seeking for: PCI ID 8086:6f79
Aug 03 22:04:46 localhost kernel: EDAC sbridge: Seeking for: PCI ID 8086:6f6a
Aug 03 22:04:46 localhost kernel: EDAC sbridge: Seeking for: PCI ID 8086:6f6b
Aug 03 22:04:46 localhost kernel: EDAC sbridge: Seeking for: PCI ID 8086:6f6c
Aug 03 22:04:46 localhost kernel: EDAC sbridge: Seeking for: PCI ID 8086:6f6d
Aug 03 22:04:46 localhost kernel: EDAC MC0: Giving out device to module sbridge_edac.c controller Broadwell Socket#0: DEV 0000:ff:12.0 (POLLED)
Aug 03 22:04:46 localhost kernel: EDAC sbridge:  Ver: 1.1.1 
Aug 03 22:04:46 localhost systemd[1]: Found device /dev/nvme0n1p3.
Aug 03 22:04:46 localhost systemd[1]: Found device /dev/ttyS0.
Aug 03 22:04:46 localhost kernel: AVX2 version of gcm_enc/dec engaged.
Aug 03 22:04:46 localhost kernel: AES CTR mode by8 optimization enabled
Aug 03 22:04:46 localhost kernel: mlx4_en: eno1: Steering Mode 2
Aug 03 22:04:47 localhost kernel: mlx4_en: eno1: Setting RSS context tunnel type to RSS on inner headers
Aug 03 22:04:47 localhost systemd[1]: Activating swap /dev/nvme0n1p3...
Aug 03 22:04:47 localhost kernel: Adding 3145724k swap on /dev/nvme0n1p3.  Priority:-1 extents:1 across:3145724k SSFS
Aug 03 22:04:47 localhost kernel: intel_rapl: Found RAPL domain package
Aug 03 22:04:47 localhost kernel: intel_rapl: Found RAPL domain dram
Aug 03 22:04:47 localhost kernel: IPv6: ADDRCONF(NETDEV_UP): eno1: link is not ready
Aug 03 22:04:47 localhost systemd[1]: Activated swap /dev/nvme0n1p3.
Aug 03 22:04:47 localhost kernel: mlx4_en: eno1d1: Steering Mode 2
Aug 03 22:04:47 localhost systemd[1]: Listening on Load/Save RF Kill Switch Status /dev/rfkill Watch.
Aug 03 22:04:47 localhost kernel: mlx4_en: eno1d1: Setting RSS context tunnel type to RSS on inner headers
Aug 03 22:04:47 localhost systemd[1]: Reached target Swap.
Aug 03 22:04:47 localhost systemd[1]: Starting Emulab fstab fixup (swap)...
Aug 03 22:04:47 localhost fstab-generator-finish[625]: Recording Emulab-generated swaps
Aug 03 22:04:47 localhost fstab-generator-finish[625]: Moving Emulab-generated fstab to /etc/fstab
Aug 03 22:04:47 localhost systemd[1]: Started Emulab fstab fixup (swap).
Aug 03 22:04:47 localhost kernel: mlx4_en: eno1: Link Up
Aug 03 22:04:47 localhost kernel: IPv6: ADDRCONF(NETDEV_CHANGE): eno1: link becomes ready
Aug 03 22:04:47 localhost kernel: ipmi_si IPI0001:00: Found new BMC (man_id: 0x00000b, prod_id: 0x2101, dev_id: 0x14)
Aug 03 22:04:47 localhost kernel: ipmi_si IPI0001:00: IPMI kcs interface initialized
Aug 03 22:04:47 localhost kernel: IPMI SSIF Interface driver
Aug 03 22:04:47 localhost systemd[1]: Started Monitoring of LVM2 mirrors, snapshots etc. using dmeventd or progress polling.
Aug 03 22:04:47 localhost systemd[1]: Reached target Local File Systems (Pre).
Aug 03 22:04:47 localhost systemd[1]: Reached target Local File Systems.
Aug 03 22:04:47 localhost systemd[1]: Starting LSB: ebtables ruleset management...
Aug 03 22:04:47 localhost systemd[1]: Starting Create Volatile Files and Directories...
Aug 03 22:04:47 localhost systemd-tmpfiles[679]: [/usr/lib/tmpfiles.d/var.conf:14] Duplicate line for path "/var/log", ignoring.
Aug 03 22:04:47 localhost systemd[1]: Starting Enable support for additional executable binary formats...
Aug 03 22:04:47 localhost systemd[1]: Starting mlnx-en.d - configure Mellanox devices...
Aug 03 22:04:47 localhost systemd[1]: Starting Preprocess NFS configuration...
Aug 03 22:04:47 localhost systemd[1]: Starting Force udev to settle before Raise network interfaces...
Aug 03 22:04:47 localhost systemd[1]: Starting Wait for the Emulab control network interface to come up for network-online.target...
Aug 03 22:04:47 localhost systemd[1]: Starting Set console font and keymap...
Aug 03 22:04:47 localhost systemd[1]: Starting Clean up any mess left by 0dns-up...
Aug 03 22:04:47 localhost systemd[1]: Started Create Volatile Files and Directories.
Aug 03 22:04:47 localhost systemd[1]: Started Preprocess NFS configuration.
Aug 03 22:04:47 localhost systemd[1]: Started Force udev to settle before Raise network interfaces.
Aug 03 22:04:47 localhost systemd[1]: Started Clean up any mess left by 0dns-up.
Aug 03 22:04:47 localhost systemd[1]: proc-sys-fs-binfmt_misc.automount: Got automount request for /proc/sys/fs/binfmt_misc, triggered by 682 (update-binfmts)
Aug 03 22:04:47 localhost systemd[1]: Started LSB: ebtables ruleset management.
Aug 03 22:04:47 localhost systemd[1]: Started Set console font and keymap.
Aug 03 22:04:47 localhost systemd[1]: Created slice system-getty.slice.
Aug 03 22:04:47 localhost systemd[1]: Mounting Arbitrary Executable File Formats File System...
Aug 03 22:04:47 localhost systemd[1]: Starting Nameserver information manager...
Aug 03 22:04:47 localhost systemd[1]: Reached target NFS client services.
Aug 03 22:04:47 localhost systemd[1]: Reached target System Time Synchronized.
Aug 03 22:04:47 localhost systemd[1]: Starting Update UTMP about System Boot/Shutdown...
Aug 03 22:04:47 localhost systemd[1]: Mounted Arbitrary Executable File Formats File System.
Aug 03 22:04:47 localhost systemd[1]: Started Enable support for additional executable binary formats.
Aug 03 22:04:47 localhost systemd[1]: Started Nameserver information manager.
Aug 03 22:04:47 localhost mlnx-en.d[684]: [32B blob data]
Aug 03 22:04:47 localhost systemd[1]: Started Update UTMP about System Boot/Shutdown.
Aug 03 22:04:47 localhost systemd[1]: Reached target System Initialization.
Aug 03 22:04:47 localhost systemd[1]: Listening on D-Bus System Message Bus Socket.
Aug 03 22:04:47 localhost systemd[1]: Listening on UUID daemon activation socket.
Aug 03 22:04:47 localhost systemd[1]: Listening on RPCbind Server Activation Socket.
Aug 03 22:04:47 localhost systemd[1]: Reached target Sockets.
Aug 03 22:04:47 localhost systemd[1]: Reached target Basic System.
Aug 03 22:04:47 localhost systemd[1]: Started Self Monitoring and Reporting Technology (SMART) Daemon.
Aug 03 22:04:47 localhost systemd[1]: Started Regular background program processing daemon.
Aug 03 22:04:47 localhost cron[845]: (CRON) INFO (pidfile fd = 3)
Aug 03 22:04:47 localhost cron[845]: (CRON) INFO (Running @reboot jobs)
Aug 03 22:04:47 localhost smartd[843]: smartd 6.5 2016-01-24 r4214 [x86_64-linux-4.4.0-116-generic] (local build)
Aug 03 22:04:47 localhost smartd[843]: Copyright (C) 2002-16, Bruce Allen, Christian Franke, www.smartmontools.org
Aug 03 22:04:47 localhost smartd[843]: Opened configuration file /etc/smartd.conf
Aug 03 22:04:47 localhost smartd[843]: Drive: DEVICESCAN, implied '-a' Directive on line 21 of file /etc/smartd.conf
Aug 03 22:04:47 localhost smartd[843]: Configuration file /etc/smartd.conf was parsed, found DEVICESCAN, scanning devices
Aug 03 22:04:47 localhost smartd[843]: Problem creating device name scan list
Aug 03 22:04:47 localhost smartd[843]: In the system's table of devices NO devices found to scan
Aug 03 22:04:47 localhost smartd[843]: Unable to monitor any SMART enabled devices. Try debug (-d) option. Exiting...
Aug 03 22:04:47 localhost systemd[1]: Started Daily Cleanup of Temporary Directories.
Aug 03 22:04:47 localhost systemd[1]: Reached target Timers.
Aug 03 22:04:47 localhost systemd[1]: Starting Login Service...
Aug 03 22:04:47 localhost systemd[1]: Started Deferred execution scheduler.
Aug 03 22:04:47 localhost systemd[1]: Starting LSB: Execute the kexec -e command to reboot system...
Aug 03 22:04:47 localhost systemd[1]: Starting Restore /etc/resolv.conf if the system crashed before the ppp link was shut down...
Aug 03 22:04:47 localhost systemd[1]: Starting System Logging Service...
Aug 03 22:04:47 localhost systemd[1]: Starting Accounts Service...
Aug 03 22:04:47 localhost systemd[1]: Started D-Bus System Message Bus.
Aug 03 22:04:47 localhost dbus[866]: [system] AppArmor D-Bus mediation is enabled
Aug 03 22:04:47 localhost accounts-daemon[864]: started daemon version 0.6.40
Aug 03 22:04:47 localhost dbus[866]: [system] Successfully activated service 'org.freedesktop.systemd1'
Aug 03 22:04:47 localhost systemd[1]: Started Accounts Service.
Aug 03 22:04:47 localhost systemd[1]: Starting LSB: Record successful boot for GRUB...
Aug 03 22:04:47 localhost systemd[1]: Started System Logging Service.
Aug 03 22:04:47 localhost systemd[1]: smartd.service: Main process exited, code=exited, status=17/n/a
Aug 03 22:04:47 localhost systemd[1]: smartd.service: Unit entered failed state.
Aug 03 22:04:47 localhost systemd[1]: smartd.service: Failed with result 'exit-code'.
Aug 03 22:04:47 localhost systemd[1]: Started Restore /etc/resolv.conf if the system crashed before the ppp link was shut down.
Aug 03 22:04:47 localhost systemd[1]: Started LSB: Execute the kexec -e command to reboot system.
Aug 03 22:04:47 localhost grub-common[871]:  * Recording successful boot for GRUB
Aug 03 22:04:47 localhost systemd[1]: Started Login Service.
Aug 03 22:04:47 localhost systemd-logind[848]: New seat seat0.
Aug 03 22:04:47 localhost systemd-logind[848]: Watching system buttons on /dev/input/event0 (Power Button)
Aug 03 22:04:47 localhost grub-common[871]:    ...done.
Aug 03 22:04:47 localhost systemd[1]: Started LSB: Record successful boot for GRUB.
Aug 03 22:04:48 localhost dhclient[911]: DHCPDISCOVER on eno1 to 255.255.255.255 port 67 interval 3 (xid=0xcb1bc51f)
Aug 03 22:04:48 localhost dhclient[911]: DHCPREQUEST of 128.110.153.216 on eno1 to 255.255.255.255 port 67 (xid=0x1fc51bcb)
Aug 03 22:04:48 localhost dhclient[911]: DHCPOFFER of 128.110.153.216 from 128.110.152.1
Aug 03 22:04:48 localhost dhclient[911]: DHCPACK of 128.110.153.216 from 128.110.152.1
Aug 03 22:04:48 node1.brbias2.contools-pg0.utah.cloudlab.us dhclient[911]: bound to 128.110.153.216 -- renewal in 16635 seconds.
Aug 03 22:04:48 node1.brbias2.contools-pg0.utah.cloudlab.us kernel: mlx4_en: eno1d1: Close port called
Aug 03 22:04:48 node1.brbias2.contools-pg0.utah.cloudlab.us kernel: mlx4_en: eno1d1: Link Down
Aug 03 22:04:48 node1.brbias2.contools-pg0.utah.cloudlab.us mlnx-en.d[684]: Emulab control net is eno1
Aug 03 22:04:48 node1.brbias2.contools-pg0.utah.cloudlab.us systemd[1]: Stopped Network Time Service.
Aug 03 22:04:48 node1.brbias2.contools-pg0.utah.cloudlab.us systemd[1]: Stopped Network Time Service.
Aug 03 22:04:48 node1.brbias2.contools-pg0.utah.cloudlab.us systemd[1]: Started mlnx-en.d - configure Mellanox devices.
Aug 03 22:04:48 node1.brbias2.contools-pg0.utah.cloudlab.us systemd[1]: Starting Raise network interfaces...
Aug 03 22:04:48 node1.brbias2.contools-pg0.utah.cloudlab.us systemd[1]: Stopped Network Time Service.
Aug 03 22:04:49 node1.brbias2.contools-pg0.utah.cloudlab.us systemd[1]: Started Network Time Service.
Aug 03 22:04:49 node1.brbias2.contools-pg0.utah.cloudlab.us systemd[1]: Started Raise network interfaces.
Aug 03 22:04:49 node1.brbias2.contools-pg0.utah.cloudlab.us systemd[1]: Reached target Network.
Aug 03 22:04:49 node1.brbias2.contools-pg0.utah.cloudlab.us systemd[1]: Starting OpenVPN service...
Aug 03 22:04:49 node1.brbias2.contools-pg0.utah.cloudlab.us systemd[1]: Starting OpenBSD Secure Shell server...
Aug 03 22:04:49 node1.brbias2.contools-pg0.utah.cloudlab.us systemd[1]: Started OpenVPN service.
Aug 03 22:04:49 node1.brbias2.contools-pg0.utah.cloudlab.us sshd[1302]: Server listening on 0.0.0.0 port 22.
Aug 03 22:04:49 node1.brbias2.contools-pg0.utah.cloudlab.us sshd[1302]: Server listening on :: port 22.
Aug 03 22:04:49 node1.brbias2.contools-pg0.utah.cloudlab.us systemd[1]: Started OpenBSD Secure Shell server.
Aug 03 22:04:49 node1.brbias2.contools-pg0.utah.cloudlab.us systemd[1]: Stopping Network Time Service...
Aug 03 22:04:49 node1.brbias2.contools-pg0.utah.cloudlab.us systemd[1]: Stopped Network Time Service.
Aug 03 22:04:49 node1.brbias2.contools-pg0.utah.cloudlab.us systemd[1]: Started Network Time Service.
Aug 03 22:04:49 node1.brbias2.contools-pg0.utah.cloudlab.us systemd[1]: Started Network Time Service.
